2026-08-19T09:10:31Z candidate=ISCSI_QD128 block=screening repetition=1 {"unit":"bv4db-s30-restore-1787130601-135510","deadline_epoch":1787130811,"renewed_at":"2026-08-19T09:10:31Z","renewal_count":1}
2026-08-19T09:11:01Z candidate=ISCSI_QD128 block=screening repetition=1 {"unit":"bv4db-s30-restore-1787130601-135510","deadline_epoch":1787130841,"renewed_at":"2026-08-19T09:11:01Z","renewal_count":2}
2026-08-19T09:11:32Z candidate=ISCSI_QD128 block=screening repetition=1 {"unit":"bv4db-s30-restore-1787130601-135510","deadline_epoch":1787130872,"renewed_at":"2026-08-19T09:11:32Z","renewal_count":3}
2026-08-19T09:12:03Z candidate=ISCSI_QD128 block=screening repetition=1 {"unit":"bv4db-s30-restore-1787130601-135510","deadline_epoch":1787130903,"renewed_at":"2026-08-19T09:12:03Z","renewal_count":4}
2026-08-19T09:12:33Z candidate=ISCSI_QD128 block=screening repetition=1 {"unit":"bv4db-s30-restore-1787130601-135510","deadline_epoch":1787130933,"renewed_at":"2026-08-19T09:12:33Z","renewal_count":5}
2026-08-19T09:13:04Z candidate=ISCSI_QD128 block=screening repetition=1 {"unit":"bv4db-s30-restore-1787130601-135510","deadline_epoch":1787130964,"renewed_at":"2026-08-19T09:13:04Z","renewal_count":6}
2026-08-19T09:13:35Z candidate=ISCSI_QD128 block=screening repetition=1 {"unit":"bv4db-s30-restore-1787130601-135510","deadline_epoch":1787130995,"renewed_at":"2026-08-19T09:13:35Z","renewal_count":7}
2026-08-19T09:14:05Z candidate=ISCSI_QD128 block=screening repetition=1 {"unit":"bv4db-s30-restore-1787130601-135510","deadline_epoch":1787131025,"renewed_at":"2026-08-19T09:14:05Z","renewal_count":8}
2026-08-19T09:14:36Z candidate=ISCSI_QD128 block=screening repetition=1 {"unit":"bv4db-s30-restore-1787130601-135510","deadline_epoch":1787131056,"renewed_at":"2026-08-19T09:14:36Z","renewal_count":9}
2026-08-19T09:15:07Z candidate=ISCSI_QD128 block=screening repetition=1 {"unit":"bv4db-s30-restore-1787130601-135510","deadline_epoch":1787131087,"renewed_at":"2026-08-19T09:15:07Z","renewal_count":10}
2026-08-19T09:15:37Z candidate=ISCSI_QD128 block=screening repetition=1 {"unit":"bv4db-s30-restore-1787130601-135510","deadline_epoch":1787131117,"renewed_at":"2026-08-19T09:15:37Z","renewal_count":11}
2026-08-19T09:16:08Z candidate=ISCSI_QD128 block=screening repetition=1 {"unit":"bv4db-s30-restore-1787130601-135510","deadline_epoch":1787131148,"renewed_at":"2026-08-19T09:16:08Z","renewal_count":12}
2026-08-19T09:16:39Z candidate=ISCSI_QD128 block=screening repetition=1 {"unit":"bv4db-s30-restore-1787130601-135510","deadline_epoch":1787131179,"renewed_at":"2026-08-19T09:16:39Z","renewal_count":13}
2026-08-19T09:17:09Z candidate=ISCSI_QD128 block=screening repetition=1 {"unit":"bv4db-s30-restore-1787130601-135510","deadline_epoch":1787131209,"renewed_at":"2026-08-19T09:17:09Z","renewal_count":14}
2026-08-19T09:17:40Z candidate=ISCSI_QD128 block=screening repetition=1 {"unit":"bv4db-s30-restore-1787130601-135510","deadline_epoch":1787131240,"renewed_at":"2026-08-19T09:17:40Z","renewal_count":15}
2026-08-19T09:18:11Z candidate=ISCSI_QD128 block=screening repetition=1 {"unit":"bv4db-s30-restore-1787130601-135510","deadline_epoch":1787131271,"renewed_at":"2026-08-19T09:18:11Z","renewal_count":16}
2026-08-19T09:18:42Z candidate=ISCSI_QD128 block=screening repetition=1 {"unit":"bv4db-s30-restore-1787130601-135510","deadline_epoch":1787131302,"renewed_at":"2026-08-19T09:18:42Z","renewal_count":17}
2026-08-19T09:19:12Z candidate=ISCSI_QD128 block=screening repetition=1 {"unit":"bv4db-s30-restore-1787130601-135510","deadline_epoch":1787131332,"renewed_at":"2026-08-19T09:19:12Z","renewal_count":18}
2026-08-19T09:19:43Z candidate=ISCSI_QD128 block=screening repetition=1 {"unit":"bv4db-s30-restore-1787130601-135510","deadline_epoch":1787131363,"renewed_at":"2026-08-19T09:19:43Z","renewal_count":19}
2026-08-19T09:20:14Z candidate=ISCSI_QD128 block=screening repetition=1 {"unit":"bv4db-s30-restore-1787130601-135510","deadline_epoch":1787131394,"renewed_at":"2026-08-19T09:20:14Z","renewal_count":20}
2026-08-19T09:20:44Z candidate=ISCSI_QD128 block=screening repetition=1 {"unit":"bv4db-s30-restore-1787130601-135510","deadline_epoch":1787131424,"renewed_at":"2026-08-19T09:20:44Z","renewal_count":21}
2026-08-19T09:21:15Z candidate=ISCSI_QD128 block=screening repetition=1 {"unit":"bv4db-s30-restore-1787130601-135510","deadline_epoch":1787131455,"renewed_at":"2026-08-19T09:21:15Z","renewal_count":22}
2026-08-19T09:22:19Z candidate=TCP_BUF_2X block=screening repetition=1 {"unit":"bv4db-s30-restore-1787131310-144621","deadline_epoch":1787131519,"renewed_at":"2026-08-19T09:22:19Z","renewal_count":1}
2026-08-19T09:22:50Z candidate=TCP_BUF_2X block=screening repetition=1 {"unit":"bv4db-s30-restore-1787131310-144621","deadline_epoch":1787131550,"renewed_at":"2026-08-19T09:22:50Z","renewal_count":2}
2026-08-19T09:23:21Z candidate=TCP_BUF_2X block=screening repetition=1 {"unit":"bv4db-s30-restore-1787131310-144621","deadline_epoch":1787131581,"renewed_at":"2026-08-19T09:23:21Z","renewal_count":3}
2026-08-19T09:23:51Z candidate=TCP_BUF_2X block=screening repetition=1 {"unit":"bv4db-s30-restore-1787131310-144621","deadline_epoch":1787131611,"renewed_at":"2026-08-19T09:23:51Z","renewal_count":4}
2026-08-19T09:24:22Z candidate=TCP_BUF_2X block=screening repetition=1 {"unit":"bv4db-s30-restore-1787131310-144621","deadline_epoch":1787131642,"renewed_at":"2026-08-19T09:24:22Z","renewal_count":5}
2026-08-19T09:24:53Z candidate=TCP_BUF_2X block=screening repetition=1 {"unit":"bv4db-s30-restore-1787131310-144621","deadline_epoch":1787131673,"renewed_at":"2026-08-19T09:24:53Z","renewal_count":6}
2026-08-19T09:25:23Z candidate=TCP_BUF_2X block=screening repetition=1 {"unit":"bv4db-s30-restore-1787131310-144621","deadline_epoch":1787131703,"renewed_at":"2026-08-19T09:25:23Z","renewal_count":7}
2026-08-19T09:25:54Z candidate=TCP_BUF_2X block=screening repetition=1 {"unit":"bv4db-s30-restore-1787131310-144621","deadline_epoch":1787131734,"renewed_at":"2026-08-19T09:25:54Z","renewal_count":8}
2026-08-19T09:26:25Z candidate=TCP_BUF_2X block=screening repetition=1 {"unit":"bv4db-s30-restore-1787131310-144621","deadline_epoch":1787131765,"renewed_at":"2026-08-19T09:26:25Z","renewal_count":9}
2026-08-19T09:26:55Z candidate=TCP_BUF_2X block=screening repetition=1 {"unit":"bv4db-s30-restore-1787131310-144621","deadline_epoch":1787131795,"renewed_at":"2026-08-19T09:26:55Z","renewal_count":10}
2026-08-19T09:27:26Z candidate=TCP_BUF_2X block=screening repetition=1 {"unit":"bv4db-s30-restore-1787131310-144621","deadline_epoch":1787131826,"renewed_at":"2026-08-19T09:27:26Z","renewal_count":11}
2026-08-19T09:27:57Z candidate=TCP_BUF_2X block=screening repetition=1 {"unit":"bv4db-s30-restore-1787131310-144621","deadline_epoch":1787131857,"renewed_at":"2026-08-19T09:27:57Z","renewal_count":12}
2026-08-19T09:28:28Z candidate=TCP_BUF_2X block=screening repetition=1 {"unit":"bv4db-s30-restore-1787131310-144621","deadline_epoch":1787131888,"renewed_at":"2026-08-19T09:28:28Z","renewal_count":13}
2026-08-19T09:28:59Z candidate=TCP_BUF_2X block=screening repetition=1 {"unit":"bv4db-s30-restore-1787131310-144621","deadline_epoch":1787131919,"renewed_at":"2026-08-19T09:28:59Z","renewal_count":14}
2026-08-19T09:29:30Z candidate=TCP_BUF_2X block=screening repetition=1 {"unit":"bv4db-s30-restore-1787131310-144621","deadline_epoch":1787131950,"renewed_at":"2026-08-19T09:29:30Z","renewal_count":15}
2026-08-19T09:30:00Z candidate=TCP_BUF_2X block=screening repetition=1 {"unit":"bv4db-s30-restore-1787131310-144621","deadline_epoch":1787131980,"renewed_at":"2026-08-19T09:30:00Z","renewal_count":16}
2026-08-19T09:30:31Z candidate=TCP_BUF_2X block=screening repetition=1 {"unit":"bv4db-s30-restore-1787131310-144621","deadline_epoch":1787132011,"renewed_at":"2026-08-19T09:30:31Z","renewal_count":17}
2026-08-19T09:31:02Z candidate=TCP_BUF_2X block=screening repetition=1 {"unit":"bv4db-s30-restore-1787131310-144621","deadline_epoch":1787132042,"renewed_at":"2026-08-19T09:31:02Z","renewal_count":18}
2026-08-19T09:31:32Z candidate=TCP_BUF_2X block=screening repetition=1 {"unit":"bv4db-s30-restore-1787131310-144621","deadline_epoch":1787132072,"renewed_at":"2026-08-19T09:31:32Z","renewal_count":19}
2026-08-19T09:32:03Z candidate=TCP_BUF_2X block=screening repetition=1 {"unit":"bv4db-s30-restore-1787131310-144621","deadline_epoch":1787132103,"renewed_at":"2026-08-19T09:32:03Z","renewal_count":20}
2026-08-19T09:32:34Z candidate=TCP_BUF_2X block=screening repetition=1 {"unit":"bv4db-s30-restore-1787131310-144621","deadline_epoch":1787132134,"renewed_at":"2026-08-19T09:32:34Z","renewal_count":21}
2026-08-19T09:33:45Z candidate=TCP_BUF_4X block=screening repetition=1 {"unit":"bv4db-s30-restore-1787131996-149531","deadline_epoch":1787132205,"renewed_at":"2026-08-19T09:33:45Z","renewal_count":1}
2026-08-19T09:34:16Z candidate=TCP_BUF_4X block=screening repetition=1 {"unit":"bv4db-s30-restore-1787131996-149531","deadline_epoch":1787132236,"renewed_at":"2026-08-19T09:34:16Z","renewal_count":2}
2026-08-19T09:34:46Z candidate=TCP_BUF_4X block=screening repetition=1 {"unit":"bv4db-s30-restore-1787131996-149531","deadline_epoch":1787132266,"renewed_at":"2026-08-19T09:34:46Z","renewal_count":3}
2026-08-19T09:35:17Z candidate=TCP_BUF_4X block=screening repetition=1 {"unit":"bv4db-s30-restore-1787131996-149531","deadline_epoch":1787132297,"renewed_at":"2026-08-19T09:35:17Z","renewal_count":4}
2026-08-19T09:35:48Z candidate=TCP_BUF_4X block=screening repetition=1 {"unit":"bv4db-s30-restore-1787131996-149531","deadline_epoch":1787132328,"renewed_at":"2026-08-19T09:35:48Z","renewal_count":5}
2026-08-19T09:36:19Z candidate=TCP_BUF_4X block=screening repetition=1 {"unit":"bv4db-s30-restore-1787131996-149531","deadline_epoch":1787132359,"renewed_at":"2026-08-19T09:36:19Z","renewal_count":6}
2026-08-19T09:36:49Z candidate=TCP_BUF_4X block=screening repetition=1 {"unit":"bv4db-s30-restore-1787131996-149531","deadline_epoch":1787132389,"renewed_at":"2026-08-19T09:36:49Z","renewal_count":7}
2026-08-19T09:37:20Z candidate=TCP_BUF_4X block=screening repetition=1 {"unit":"bv4db-s30-restore-1787131996-149531","deadline_epoch":1787132420,"renewed_at":"2026-08-19T09:37:20Z","renewal_count":8}
2026-08-19T09:37:51Z candidate=TCP_BUF_4X block=screening repetition=1 {"unit":"bv4db-s30-restore-1787131996-149531","deadline_epoch":1787132451,"renewed_at":"2026-08-19T09:37:51Z","renewal_count":9}
2026-08-19T09:38:21Z candidate=TCP_BUF_4X block=screening repetition=1 {"unit":"bv4db-s30-restore-1787131996-149531","deadline_epoch":1787132481,"renewed_at":"2026-08-19T09:38:21Z","renewal_count":10}
2026-08-19T09:38:52Z candidate=TCP_BUF_4X block=screening repetition=1 {"unit":"bv4db-s30-restore-1787131996-149531","deadline_epoch":1787132512,"renewed_at":"2026-08-19T09:38:52Z","renewal_count":11}
2026-08-19T09:39:23Z candidate=TCP_BUF_4X block=screening repetition=1 {"unit":"bv4db-s30-restore-1787131996-149531","deadline_epoch":1787132543,"renewed_at":"2026-08-19T09:39:23Z","renewal_count":12}
2026-08-19T09:39:53Z candidate=TCP_BUF_4X block=screening repetition=1 {"unit":"bv4db-s30-restore-1787131996-149531","deadline_epoch":1787132574,"renewed_at":"2026-08-19T09:39:54Z","renewal_count":13}
2026-08-19T09:40:24Z candidate=TCP_BUF_4X block=screening repetition=1 {"unit":"bv4db-s30-restore-1787131996-149531","deadline_epoch":1787132604,"renewed_at":"2026-08-19T09:40:24Z","renewal_count":14}
2026-08-19T09:40:55Z candidate=TCP_BUF_4X block=screening repetition=1 {"unit":"bv4db-s30-restore-1787131996-149531","deadline_epoch":1787132635,"renewed_at":"2026-08-19T09:40:55Z","renewal_count":15}
2026-08-19T09:41:26Z candidate=TCP_BUF_4X block=screening repetition=1 {"unit":"bv4db-s30-restore-1787131996-149531","deadline_epoch":1787132666,"renewed_at":"2026-08-19T09:41:26Z","renewal_count":16}
2026-08-19T09:41:56Z candidate=TCP_BUF_4X block=screening repetition=1 {"unit":"bv4db-s30-restore-1787131996-149531","deadline_epoch":1787132696,"renewed_at":"2026-08-19T09:41:56Z","renewal_count":17}
2026-08-19T09:42:28Z candidate=TCP_BUF_4X block=screening repetition=1 {"unit":"bv4db-s30-restore-1787131996-149531","deadline_epoch":1787132728,"renewed_at":"2026-08-19T09:42:28Z","renewal_count":18}
2026-08-19T09:42:59Z candidate=TCP_BUF_4X block=screening repetition=1 {"unit":"bv4db-s30-restore-1787131996-149531","deadline_epoch":1787132759,"renewed_at":"2026-08-19T09:42:59Z","renewal_count":19}
2026-08-19T09:43:29Z candidate=TCP_BUF_4X block=screening repetition=1 {"unit":"bv4db-s30-restore-1787131996-149531","deadline_epoch":1787132789,"renewed_at":"2026-08-19T09:43:29Z","renewal_count":20}
2026-08-19T09:44:00Z candidate=TCP_BUF_4X block=screening repetition=1 {"unit":"bv4db-s30-restore-1787131996-149531","deadline_epoch":1787132820,"renewed_at":"2026-08-19T09:44:00Z","renewal_count":21}
2026-08-19T09:45:11Z candidate=TCP_CC_BBR block=screening repetition=1 {"unit":"bv4db-s30-restore-1787132681-153837","deadline_epoch":1787132891,"renewed_at":"2026-08-19T09:45:11Z","renewal_count":1}
2026-08-19T09:45:42Z candidate=TCP_CC_BBR block=screening repetition=1 {"unit":"bv4db-s30-restore-1787132681-153837","deadline_epoch":1787132922,"renewed_at":"2026-08-19T09:45:42Z","renewal_count":2}
2026-08-19T09:46:12Z candidate=TCP_CC_BBR block=screening repetition=1 {"unit":"bv4db-s30-restore-1787132681-153837","deadline_epoch":1787132952,"renewed_at":"2026-08-19T09:46:12Z","renewal_count":3}
2026-08-19T09:46:43Z candidate=TCP_CC_BBR block=screening repetition=1 {"unit":"bv4db-s30-restore-1787132681-153837","deadline_epoch":1787132983,"renewed_at":"2026-08-19T09:46:43Z","renewal_count":4}
2026-08-19T09:47:14Z candidate=TCP_CC_BBR block=screening repetition=1 {"unit":"bv4db-s30-restore-1787132681-153837","deadline_epoch":1787133014,"renewed_at":"2026-08-19T09:47:14Z","renewal_count":5}
2026-08-19T09:47:45Z candidate=TCP_CC_BBR block=screening repetition=1 {"unit":"bv4db-s30-restore-1787132681-153837","deadline_epoch":1787133045,"renewed_at":"2026-08-19T09:47:45Z","renewal_count":6}
2026-08-19T09:48:17Z candidate=TCP_CC_BBR block=screening repetition=1 {"unit":"bv4db-s30-restore-1787132681-153837","deadline_epoch":1787133077,"renewed_at":"2026-08-19T09:48:17Z","renewal_count":7}
2026-08-19T09:48:47Z candidate=TCP_CC_BBR block=screening repetition=1 {"unit":"bv4db-s30-restore-1787132681-153837","deadline_epoch":1787133107,"renewed_at":"2026-08-19T09:48:47Z","renewal_count":8}
2026-08-19T09:49:18Z candidate=TCP_CC_BBR block=screening repetition=1 {"unit":"bv4db-s30-restore-1787132681-153837","deadline_epoch":1787133138,"renewed_at":"2026-08-19T09:49:18Z","renewal_count":9}
2026-08-19T09:49:49Z candidate=TCP_CC_BBR block=screening repetition=1 {"unit":"bv4db-s30-restore-1787132681-153837","deadline_epoch":1787133169,"renewed_at":"2026-08-19T09:49:49Z","renewal_count":10}
2026-08-19T09:50:19Z candidate=TCP_CC_BBR block=screening repetition=1 {"unit":"bv4db-s30-restore-1787132681-153837","deadline_epoch":1787133199,"renewed_at":"2026-08-19T09:50:19Z","renewal_count":11}
2026-08-19T09:50:50Z candidate=TCP_CC_BBR block=screening repetition=1 {"unit":"bv4db-s30-restore-1787132681-153837","deadline_epoch":1787133230,"renewed_at":"2026-08-19T09:50:50Z","renewal_count":12}
2026-08-19T09:51:21Z candidate=TCP_CC_BBR block=screening repetition=1 {"unit":"bv4db-s30-restore-1787132681-153837","deadline_epoch":1787133261,"renewed_at":"2026-08-19T09:51:21Z","renewal_count":13}
2026-08-19T09:51:52Z candidate=TCP_CC_BBR block=screening repetition=1 {"unit":"bv4db-s30-restore-1787132681-153837","deadline_epoch":1787133292,"renewed_at":"2026-08-19T09:51:52Z","renewal_count":14}
2026-08-19T09:52:22Z candidate=TCP_CC_BBR block=screening repetition=1 {"unit":"bv4db-s30-restore-1787132681-153837","deadline_epoch":1787133322,"renewed_at":"2026-08-19T09:52:22Z","renewal_count":15}
2026-08-19T09:52:53Z candidate=TCP_CC_BBR block=screening repetition=1 {"unit":"bv4db-s30-restore-1787132681-153837","deadline_epoch":1787133353,"renewed_at":"2026-08-19T09:52:53Z","renewal_count":16}
2026-08-19T09:53:24Z candidate=TCP_CC_BBR block=screening repetition=1 {"unit":"bv4db-s30-restore-1787132681-153837","deadline_epoch":1787133384,"renewed_at":"2026-08-19T09:53:24Z","renewal_count":17}
2026-08-19T09:53:54Z candidate=TCP_CC_BBR block=screening repetition=1 {"unit":"bv4db-s30-restore-1787132681-153837","deadline_epoch":1787133414,"renewed_at":"2026-08-19T09:53:54Z","renewal_count":18}
2026-08-19T09:54:25Z candidate=TCP_CC_BBR block=screening repetition=1 {"unit":"bv4db-s30-restore-1787132681-153837","deadline_epoch":1787133445,"renewed_at":"2026-08-19T09:54:25Z","renewal_count":19}
2026-08-19T09:54:56Z candidate=TCP_CC_BBR block=screening repetition=1 {"unit":"bv4db-s30-restore-1787132681-153837","deadline_epoch":1787133476,"renewed_at":"2026-08-19T09:54:56Z","renewal_count":20}
2026-08-19T09:55:26Z candidate=TCP_CC_BBR block=screening repetition=1 {"unit":"bv4db-s30-restore-1787132681-153837","deadline_epoch":1787133506,"renewed_at":"2026-08-19T09:55:26Z","renewal_count":21}
2026-08-19T09:55:57Z candidate=TCP_CC_BBR block=screening repetition=1 {"unit":"bv4db-s30-restore-1787132681-153837","deadline_epoch":1787133537,"renewed_at":"2026-08-19T09:55:57Z","renewal_count":22}
2026-08-19T09:56:59Z candidate=TCP_CC_RENO block=screening repetition=1 {"unit":"bv4db-s30-restore-1787133390-163335","deadline_epoch":1787133599,"renewed_at":"2026-08-19T09:56:59Z","renewal_count":1}
2026-08-19T09:57:30Z candidate=TCP_CC_RENO block=screening repetition=1 {"unit":"bv4db-s30-restore-1787133390-163335","deadline_epoch":1787133630,"renewed_at":"2026-08-19T09:57:30Z","renewal_count":2}
2026-08-19T09:58:01Z candidate=TCP_CC_RENO block=screening repetition=1 {"unit":"bv4db-s30-restore-1787133390-163335","deadline_epoch":1787133661,"renewed_at":"2026-08-19T09:58:01Z","renewal_count":3}
2026-08-19T09:58:31Z candidate=TCP_CC_RENO block=screening repetition=1 {"unit":"bv4db-s30-restore-1787133390-163335","deadline_epoch":1787133691,"renewed_at":"2026-08-19T09:58:31Z","renewal_count":4}
2026-08-19T09:59:02Z candidate=TCP_CC_RENO block=screening repetition=1 {"unit":"bv4db-s30-restore-1787133390-163335","deadline_epoch":1787133722,"renewed_at":"2026-08-19T09:59:02Z","renewal_count":5}
2026-08-19T09:59:33Z candidate=TCP_CC_RENO block=screening repetition=1 {"unit":"bv4db-s30-restore-1787133390-163335","deadline_epoch":1787133753,"renewed_at":"2026-08-19T09:59:33Z","renewal_count":6}
2026-08-19T10:00:03Z candidate=TCP_CC_RENO block=screening repetition=1 {"unit":"bv4db-s30-restore-1787133390-163335","deadline_epoch":1787133783,"renewed_at":"2026-08-19T10:00:03Z","renewal_count":7}
2026-08-19T10:00:34Z candidate=TCP_CC_RENO block=screening repetition=1 {"unit":"bv4db-s30-restore-1787133390-163335","deadline_epoch":1787133814,"renewed_at":"2026-08-19T10:00:34Z","renewal_count":8}
2026-08-19T10:01:05Z candidate=TCP_CC_RENO block=screening repetition=1 {"unit":"bv4db-s30-restore-1787133390-163335","deadline_epoch":1787133845,"renewed_at":"2026-08-19T10:01:05Z","renewal_count":9}
2026-08-19T10:01:36Z candidate=TCP_CC_RENO block=screening repetition=1 {"unit":"bv4db-s30-restore-1787133390-163335","deadline_epoch":1787133876,"renewed_at":"2026-08-19T10:01:36Z","renewal_count":10}
2026-08-19T10:02:06Z candidate=TCP_CC_RENO block=screening repetition=1 {"unit":"bv4db-s30-restore-1787133390-163335","deadline_epoch":1787133906,"renewed_at":"2026-08-19T10:02:06Z","renewal_count":11}
2026-08-19T10:02:37Z candidate=TCP_CC_RENO block=screening repetition=1 {"unit":"bv4db-s30-restore-1787133390-163335","deadline_epoch":1787133937,"renewed_at":"2026-08-19T10:02:37Z","renewal_count":12}
2026-08-19T10:03:08Z candidate=TCP_CC_RENO block=screening repetition=1 {"unit":"bv4db-s30-restore-1787133390-163335","deadline_epoch":1787133968,"renewed_at":"2026-08-19T10:03:08Z","renewal_count":13}
2026-08-19T10:03:38Z candidate=TCP_CC_RENO block=screening repetition=1 {"unit":"bv4db-s30-restore-1787133390-163335","deadline_epoch":1787133998,"renewed_at":"2026-08-19T10:03:38Z","renewal_count":14}
2026-08-19T10:04:09Z candidate=TCP_CC_RENO block=screening repetition=1 {"unit":"bv4db-s30-restore-1787133390-163335","deadline_epoch":1787134029,"renewed_at":"2026-08-19T10:04:09Z","renewal_count":15}
2026-08-19T10:04:40Z candidate=TCP_CC_RENO block=screening repetition=1 {"unit":"bv4db-s30-restore-1787133390-163335","deadline_epoch":1787134060,"renewed_at":"2026-08-19T10:04:40Z","renewal_count":16}
2026-08-19T10:05:10Z candidate=TCP_CC_RENO block=screening repetition=1 {"unit":"bv4db-s30-restore-1787133390-163335","deadline_epoch":1787134090,"renewed_at":"2026-08-19T10:05:10Z","renewal_count":17}
2026-08-19T10:05:41Z candidate=TCP_CC_RENO block=screening repetition=1 {"unit":"bv4db-s30-restore-1787133390-163335","deadline_epoch":1787134121,"renewed_at":"2026-08-19T10:05:41Z","renewal_count":18}
2026-08-19T10:06:12Z candidate=TCP_CC_RENO block=screening repetition=1 {"unit":"bv4db-s30-restore-1787133390-163335","deadline_epoch":1787134152,"renewed_at":"2026-08-19T10:06:12Z","renewal_count":19}
2026-08-19T10:06:42Z candidate=TCP_CC_RENO block=screening repetition=1 {"unit":"bv4db-s30-restore-1787133390-163335","deadline_epoch":1787134182,"renewed_at":"2026-08-19T10:06:42Z","renewal_count":20}
2026-08-19T10:07:13Z candidate=TCP_CC_RENO block=screening repetition=1 {"unit":"bv4db-s30-restore-1787133390-163335","deadline_epoch":1787134213,"renewed_at":"2026-08-19T10:07:13Z","renewal_count":21}
2026-08-19T10:07:44Z candidate=TCP_CC_RENO block=screening repetition=1 {"unit":"bv4db-s30-restore-1787133390-163335","deadline_epoch":1787134244,"renewed_at":"2026-08-19T10:07:44Z","renewal_count":22}
2026-08-19T10:08:46Z candidate=NETDEV_BACKLOG_2X block=screening repetition=1 {"unit":"bv4db-s30-restore-1787134096-172661","deadline_epoch":1787134306,"renewed_at":"2026-08-19T10:08:46Z","renewal_count":1}
2026-08-19T10:09:17Z candidate=NETDEV_BACKLOG_2X block=screening repetition=1 {"unit":"bv4db-s30-restore-1787134096-172661","deadline_epoch":1787134337,"renewed_at":"2026-08-19T10:09:17Z","renewal_count":2}
2026-08-19T10:09:47Z candidate=NETDEV_BACKLOG_2X block=screening repetition=1 {"unit":"bv4db-s30-restore-1787134096-172661","deadline_epoch":1787134367,"renewed_at":"2026-08-19T10:09:47Z","renewal_count":3}
2026-08-19T10:10:18Z candidate=NETDEV_BACKLOG_2X block=screening repetition=1 {"unit":"bv4db-s30-restore-1787134096-172661","deadline_epoch":1787134398,"renewed_at":"2026-08-19T10:10:18Z","renewal_count":4}
2026-08-19T10:10:49Z candidate=NETDEV_BACKLOG_2X block=screening repetition=1 {"unit":"bv4db-s30-restore-1787134096-172661","deadline_epoch":1787134429,"renewed_at":"2026-08-19T10:10:49Z","renewal_count":5}
2026-08-19T10:11:20Z candidate=NETDEV_BACKLOG_2X block=screening repetition=1 {"unit":"bv4db-s30-restore-1787134096-172661","deadline_epoch":1787134460,"renewed_at":"2026-08-19T10:11:20Z","renewal_count":6}
2026-08-19T10:11:50Z candidate=NETDEV_BACKLOG_2X block=screening repetition=1 {"unit":"bv4db-s30-restore-1787134096-172661","deadline_epoch":1787134490,"renewed_at":"2026-08-19T10:11:50Z","renewal_count":7}
2026-08-19T10:12:21Z candidate=NETDEV_BACKLOG_2X block=screening repetition=1 {"unit":"bv4db-s30-restore-1787134096-172661","deadline_epoch":1787134521,"renewed_at":"2026-08-19T10:12:21Z","renewal_count":8}
2026-08-19T10:12:52Z candidate=NETDEV_BACKLOG_2X block=screening repetition=1 {"unit":"bv4db-s30-restore-1787134096-172661","deadline_epoch":1787134552,"renewed_at":"2026-08-19T10:12:52Z","renewal_count":9}
2026-08-19T10:13:22Z candidate=NETDEV_BACKLOG_2X block=screening repetition=1 {"unit":"bv4db-s30-restore-1787134096-172661","deadline_epoch":1787134582,"renewed_at":"2026-08-19T10:13:22Z","renewal_count":10}
2026-08-19T10:13:53Z candidate=NETDEV_BACKLOG_2X block=screening repetition=1 {"unit":"bv4db-s30-restore-1787134096-172661","deadline_epoch":1787134613,"renewed_at":"2026-08-19T10:13:53Z","renewal_count":11}
2026-08-19T10:14:24Z candidate=NETDEV_BACKLOG_2X block=screening repetition=1 {"unit":"bv4db-s30-restore-1787134096-172661","deadline_epoch":1787134644,"renewed_at":"2026-08-19T10:14:24Z","renewal_count":12}
2026-08-19T10:14:54Z candidate=NETDEV_BACKLOG_2X block=screening repetition=1 {"unit":"bv4db-s30-restore-1787134096-172661","deadline_epoch":1787134674,"renewed_at":"2026-08-19T10:14:54Z","renewal_count":13}
2026-08-19T10:15:25Z candidate=NETDEV_BACKLOG_2X block=screening repetition=1 {"unit":"bv4db-s30-restore-1787134096-172661","deadline_epoch":1787134705,"renewed_at":"2026-08-19T10:15:25Z","renewal_count":14}
2026-08-19T10:15:56Z candidate=NETDEV_BACKLOG_2X block=screening repetition=1 {"unit":"bv4db-s30-restore-1787134096-172661","deadline_epoch":1787134736,"renewed_at":"2026-08-19T10:15:56Z","renewal_count":15}
2026-08-19T10:16:26Z candidate=NETDEV_BACKLOG_2X block=screening repetition=1 {"unit":"bv4db-s30-restore-1787134096-172661","deadline_epoch":1787134766,"renewed_at":"2026-08-19T10:16:26Z","renewal_count":16}
2026-08-19T10:16:57Z candidate=NETDEV_BACKLOG_2X block=screening repetition=1 {"unit":"bv4db-s30-restore-1787134096-172661","deadline_epoch":1787134797,"renewed_at":"2026-08-19T10:16:57Z","renewal_count":17}
2026-08-19T10:17:28Z candidate=NETDEV_BACKLOG_2X block=screening repetition=1 {"unit":"bv4db-s30-restore-1787134096-172661","deadline_epoch":1787134828,"renewed_at":"2026-08-19T10:17:28Z","renewal_count":18}
2026-08-19T10:17:59Z candidate=NETDEV_BACKLOG_2X block=screening repetition=1 {"unit":"bv4db-s30-restore-1787134096-172661","deadline_epoch":1787134859,"renewed_at":"2026-08-19T10:17:59Z","renewal_count":19}
2026-08-19T10:18:29Z candidate=NETDEV_BACKLOG_2X block=screening repetition=1 {"unit":"bv4db-s30-restore-1787134096-172661","deadline_epoch":1787134889,"renewed_at":"2026-08-19T10:18:29Z","renewal_count":20}
2026-08-19T10:19:00Z candidate=NETDEV_BACKLOG_2X block=screening repetition=1 {"unit":"bv4db-s30-restore-1787134096-172661","deadline_epoch":1787134920,"renewed_at":"2026-08-19T10:19:00Z","renewal_count":21}
2026-08-19T10:20:11Z candidate=NETDEV_BACKLOG_4X block=screening repetition=1 {"unit":"bv4db-s30-restore-1787134781-176968","deadline_epoch":1787134991,"renewed_at":"2026-08-19T10:20:11Z","renewal_count":1}
2026-08-19T10:20:41Z candidate=NETDEV_BACKLOG_4X block=screening repetition=1 {"unit":"bv4db-s30-restore-1787134781-176968","deadline_epoch":1787135021,"renewed_at":"2026-08-19T10:20:41Z","renewal_count":2}
2026-08-19T10:21:12Z candidate=NETDEV_BACKLOG_4X block=screening repetition=1 {"unit":"bv4db-s30-restore-1787134781-176968","deadline_epoch":1787135052,"renewed_at":"2026-08-19T10:21:12Z","renewal_count":3}
2026-08-19T10:21:43Z candidate=NETDEV_BACKLOG_4X block=screening repetition=1 {"unit":"bv4db-s30-restore-1787134781-176968","deadline_epoch":1787135083,"renewed_at":"2026-08-19T10:21:43Z","renewal_count":4}
2026-08-19T10:22:13Z candidate=NETDEV_BACKLOG_4X block=screening repetition=1 {"unit":"bv4db-s30-restore-1787134781-176968","deadline_epoch":1787135113,"renewed_at":"2026-08-19T10:22:13Z","renewal_count":5}
2026-08-19T10:22:44Z candidate=NETDEV_BACKLOG_4X block=screening repetition=1 {"unit":"bv4db-s30-restore-1787134781-176968","deadline_epoch":1787135144,"renewed_at":"2026-08-19T10:22:44Z","renewal_count":6}
2026-08-19T10:23:14Z candidate=NETDEV_BACKLOG_4X block=screening repetition=1 {"unit":"bv4db-s30-restore-1787134781-176968","deadline_epoch":1787135175,"renewed_at":"2026-08-19T10:23:15Z","renewal_count":7}
2026-08-19T10:23:45Z candidate=NETDEV_BACKLOG_4X block=screening repetition=1 {"unit":"bv4db-s30-restore-1787134781-176968","deadline_epoch":1787135205,"renewed_at":"2026-08-19T10:23:45Z","renewal_count":8}
2026-08-19T10:24:16Z candidate=NETDEV_BACKLOG_4X block=screening repetition=1 {"unit":"bv4db-s30-restore-1787134781-176968","deadline_epoch":1787135236,"renewed_at":"2026-08-19T10:24:16Z","renewal_count":9}
2026-08-19T10:24:46Z candidate=NETDEV_BACKLOG_4X block=screening repetition=1 {"unit":"bv4db-s30-restore-1787134781-176968","deadline_epoch":1787135267,"renewed_at":"2026-08-19T10:24:47Z","renewal_count":10}
2026-08-19T10:25:17Z candidate=NETDEV_BACKLOG_4X block=screening repetition=1 {"unit":"bv4db-s30-restore-1787134781-176968","deadline_epoch":1787135297,"renewed_at":"2026-08-19T10:25:17Z","renewal_count":11}
2026-08-19T10:25:48Z candidate=NETDEV_BACKLOG_4X block=screening repetition=1 {"unit":"bv4db-s30-restore-1787134781-176968","deadline_epoch":1787135328,"renewed_at":"2026-08-19T10:25:48Z","renewal_count":12}
2026-08-19T10:26:18Z candidate=NETDEV_BACKLOG_4X block=screening repetition=1 {"unit":"bv4db-s30-restore-1787134781-176968","deadline_epoch":1787135358,"renewed_at":"2026-08-19T10:26:18Z","renewal_count":13}
2026-08-19T10:26:49Z candidate=NETDEV_BACKLOG_4X block=screening repetition=1 {"unit":"bv4db-s30-restore-1787134781-176968","deadline_epoch":1787135389,"renewed_at":"2026-08-19T10:26:49Z","renewal_count":14}
2026-08-19T10:27:20Z candidate=NETDEV_BACKLOG_4X block=screening repetition=1 {"unit":"bv4db-s30-restore-1787134781-176968","deadline_epoch":1787135420,"renewed_at":"2026-08-19T10:27:20Z","renewal_count":15}
2026-08-19T10:27:50Z candidate=NETDEV_BACKLOG_4X block=screening repetition=1 {"unit":"bv4db-s30-restore-1787134781-176968","deadline_epoch":1787135450,"renewed_at":"2026-08-19T10:27:50Z","renewal_count":16}
2026-08-19T10:28:21Z candidate=NETDEV_BACKLOG_4X block=screening repetition=1 {"unit":"bv4db-s30-restore-1787134781-176968","deadline_epoch":1787135481,"renewed_at":"2026-08-19T10:28:21Z","renewal_count":17}
2026-08-19T10:28:52Z candidate=NETDEV_BACKLOG_4X block=screening repetition=1 {"unit":"bv4db-s30-restore-1787134781-176968","deadline_epoch":1787135512,"renewed_at":"2026-08-19T10:28:52Z","renewal_count":18}
2026-08-19T10:29:22Z candidate=NETDEV_BACKLOG_4X block=screening repetition=1 {"unit":"bv4db-s30-restore-1787134781-176968","deadline_epoch":1787135542,"renewed_at":"2026-08-19T10:29:22Z","renewal_count":19}
2026-08-19T10:29:53Z candidate=NETDEV_BACKLOG_4X block=screening repetition=1 {"unit":"bv4db-s30-restore-1787134781-176968","deadline_epoch":1787135573,"renewed_at":"2026-08-19T10:29:53Z","renewal_count":20}
2026-08-19T10:30:24Z candidate=NETDEV_BACKLOG_4X block=screening repetition=1 {"unit":"bv4db-s30-restore-1787134781-176968","deadline_epoch":1787135604,"renewed_at":"2026-08-19T10:30:24Z","renewal_count":21}
2026-08-19T10:31:34Z candidate=RFS_65536 block=screening repetition=1 {"unit":"bv4db-s30-restore-1787135465-181909","deadline_epoch":1787135674,"renewed_at":"2026-08-19T10:31:34Z","renewal_count":1}
2026-08-19T10:32:05Z candidate=RFS_65536 block=screening repetition=1 {"unit":"bv4db-s30-restore-1787135465-181909","deadline_epoch":1787135705,"renewed_at":"2026-08-19T10:32:05Z","renewal_count":2}
2026-08-19T10:32:36Z candidate=RFS_65536 block=screening repetition=1 {"unit":"bv4db-s30-restore-1787135465-181909","deadline_epoch":1787135736,"renewed_at":"2026-08-19T10:32:36Z","renewal_count":3}
2026-08-19T10:33:06Z candidate=RFS_65536 block=screening repetition=1 {"unit":"bv4db-s30-restore-1787135465-181909","deadline_epoch":1787135766,"renewed_at":"2026-08-19T10:33:06Z","renewal_count":4}
2026-08-19T10:33:37Z candidate=RFS_65536 block=screening repetition=1 {"unit":"bv4db-s30-restore-1787135465-181909","deadline_epoch":1787135797,"renewed_at":"2026-08-19T10:33:37Z","renewal_count":5}
2026-08-19T10:34:08Z candidate=RFS_65536 block=screening repetition=1 {"unit":"bv4db-s30-restore-1787135465-181909","deadline_epoch":1787135828,"renewed_at":"2026-08-19T10:34:08Z","renewal_count":6}
2026-08-19T10:34:38Z candidate=RFS_65536 block=screening repetition=1 {"unit":"bv4db-s30-restore-1787135465-181909","deadline_epoch":1787135859,"renewed_at":"2026-08-19T10:34:39Z","renewal_count":7}
2026-08-19T10:35:09Z candidate=RFS_65536 block=screening repetition=1 {"unit":"bv4db-s30-restore-1787135465-181909","deadline_epoch":1787135889,"renewed_at":"2026-08-19T10:35:09Z","renewal_count":8}
2026-08-19T10:35:40Z candidate=RFS_65536 block=screening repetition=1 {"unit":"bv4db-s30-restore-1787135465-181909","deadline_epoch":1787135920,"renewed_at":"2026-08-19T10:35:40Z","renewal_count":9}
2026-08-19T10:36:11Z candidate=RFS_65536 block=screening repetition=1 {"unit":"bv4db-s30-restore-1787135465-181909","deadline_epoch":1787135951,"renewed_at":"2026-08-19T10:36:11Z","renewal_count":10}
2026-08-19T10:36:41Z candidate=RFS_65536 block=screening repetition=1 {"unit":"bv4db-s30-restore-1787135465-181909","deadline_epoch":1787135981,"renewed_at":"2026-08-19T10:36:41Z","renewal_count":11}
2026-08-19T10:37:12Z candidate=RFS_65536 block=screening repetition=1 {"unit":"bv4db-s30-restore-1787135465-181909","deadline_epoch":1787136012,"renewed_at":"2026-08-19T10:37:12Z","renewal_count":12}
2026-08-19T10:37:43Z candidate=RFS_65536 block=screening repetition=1 {"unit":"bv4db-s30-restore-1787135465-181909","deadline_epoch":1787136043,"renewed_at":"2026-08-19T10:37:43Z","renewal_count":13}
2026-08-19T10:38:13Z candidate=RFS_65536 block=screening repetition=1 {"unit":"bv4db-s30-restore-1787135465-181909","deadline_epoch":1787136073,"renewed_at":"2026-08-19T10:38:13Z","renewal_count":14}
2026-08-19T10:38:44Z candidate=RFS_65536 block=screening repetition=1 {"unit":"bv4db-s30-restore-1787135465-181909","deadline_epoch":1787136104,"renewed_at":"2026-08-19T10:38:44Z","renewal_count":15}
2026-08-19T10:39:15Z candidate=RFS_65536 block=screening repetition=1 {"unit":"bv4db-s30-restore-1787135465-181909","deadline_epoch":1787136135,"renewed_at":"2026-08-19T10:39:15Z","renewal_count":16}
2026-08-19T10:39:45Z candidate=RFS_65536 block=screening repetition=1 {"unit":"bv4db-s30-restore-1787135465-181909","deadline_epoch":1787136166,"renewed_at":"2026-08-19T10:39:46Z","renewal_count":17}
2026-08-19T10:40:16Z candidate=RFS_65536 block=screening repetition=1 {"unit":"bv4db-s30-restore-1787135465-181909","deadline_epoch":1787136196,"renewed_at":"2026-08-19T10:40:16Z","renewal_count":18}
2026-08-19T10:40:47Z candidate=RFS_65536 block=screening repetition=1 {"unit":"bv4db-s30-restore-1787135465-181909","deadline_epoch":1787136227,"renewed_at":"2026-08-19T10:40:47Z","renewal_count":19}
2026-08-19T10:41:17Z candidate=RFS_65536 block=screening repetition=1 {"unit":"bv4db-s30-restore-1787135465-181909","deadline_epoch":1787136257,"renewed_at":"2026-08-19T10:41:17Z","renewal_count":20}
2026-08-19T10:41:48Z candidate=RFS_65536 block=screening repetition=1 {"unit":"bv4db-s30-restore-1787135465-181909","deadline_epoch":1787136288,"renewed_at":"2026-08-19T10:41:48Z","renewal_count":21}
2026-08-19T10:42:58Z candidate=RPS_ALL_ONLINE block=screening repetition=1 {"unit":"bv4db-s30-restore-1787136149-186218","deadline_epoch":1787136358,"renewed_at":"2026-08-19T10:42:58Z","renewal_count":1}
2026-08-19T10:43:29Z candidate=RPS_ALL_ONLINE block=screening repetition=1 {"unit":"bv4db-s30-restore-1787136149-186218","deadline_epoch":1787136389,"renewed_at":"2026-08-19T10:43:29Z","renewal_count":2}
2026-08-19T10:44:00Z candidate=RPS_ALL_ONLINE block=screening repetition=1 {"unit":"bv4db-s30-restore-1787136149-186218","deadline_epoch":1787136420,"renewed_at":"2026-08-19T10:44:00Z","renewal_count":3}
2026-08-19T10:44:30Z candidate=RPS_ALL_ONLINE block=screening repetition=1 {"unit":"bv4db-s30-restore-1787136149-186218","deadline_epoch":1787136450,"renewed_at":"2026-08-19T10:44:30Z","renewal_count":4}
2026-08-19T10:45:01Z candidate=RPS_ALL_ONLINE block=screening repetition=1 {"unit":"bv4db-s30-restore-1787136149-186218","deadline_epoch":1787136481,"renewed_at":"2026-08-19T10:45:01Z","renewal_count":5}
2026-08-19T10:45:32Z candidate=RPS_ALL_ONLINE block=screening repetition=1 {"unit":"bv4db-s30-restore-1787136149-186218","deadline_epoch":1787136512,"renewed_at":"2026-08-19T10:45:32Z","renewal_count":6}
2026-08-19T10:46:03Z candidate=RPS_ALL_ONLINE block=screening repetition=1 {"unit":"bv4db-s30-restore-1787136149-186218","deadline_epoch":1787136543,"renewed_at":"2026-08-19T10:46:03Z","renewal_count":7}
2026-08-19T10:46:33Z candidate=RPS_ALL_ONLINE block=screening repetition=1 {"unit":"bv4db-s30-restore-1787136149-186218","deadline_epoch":1787136573,"renewed_at":"2026-08-19T10:46:33Z","renewal_count":8}
2026-08-19T10:47:04Z candidate=RPS_ALL_ONLINE block=screening repetition=1 {"unit":"bv4db-s30-restore-1787136149-186218","deadline_epoch":1787136604,"renewed_at":"2026-08-19T10:47:04Z","renewal_count":9}
2026-08-19T10:47:35Z candidate=RPS_ALL_ONLINE block=screening repetition=1 {"unit":"bv4db-s30-restore-1787136149-186218","deadline_epoch":1787136635,"renewed_at":"2026-08-19T10:47:35Z","renewal_count":10}
2026-08-19T10:48:05Z candidate=RPS_ALL_ONLINE block=screening repetition=1 {"unit":"bv4db-s30-restore-1787136149-186218","deadline_epoch":1787136665,"renewed_at":"2026-08-19T10:48:05Z","renewal_count":11}
2026-08-19T10:48:36Z candidate=RPS_ALL_ONLINE block=screening repetition=1 {"unit":"bv4db-s30-restore-1787136149-186218","deadline_epoch":1787136696,"renewed_at":"2026-08-19T10:48:36Z","renewal_count":12}
2026-08-19T10:49:07Z candidate=RPS_ALL_ONLINE block=screening repetition=1 {"unit":"bv4db-s30-restore-1787136149-186218","deadline_epoch":1787136727,"renewed_at":"2026-08-19T10:49:07Z","renewal_count":13}
2026-08-19T10:49:37Z candidate=RPS_ALL_ONLINE block=screening repetition=1 {"unit":"bv4db-s30-restore-1787136149-186218","deadline_epoch":1787136757,"renewed_at":"2026-08-19T10:49:37Z","renewal_count":14}
2026-08-19T10:50:08Z candidate=RPS_ALL_ONLINE block=screening repetition=1 {"unit":"bv4db-s30-restore-1787136149-186218","deadline_epoch":1787136788,"renewed_at":"2026-08-19T10:50:08Z","renewal_count":15}
2026-08-19T10:50:39Z candidate=RPS_ALL_ONLINE block=screening repetition=1 {"unit":"bv4db-s30-restore-1787136149-186218","deadline_epoch":1787136819,"renewed_at":"2026-08-19T10:50:39Z","renewal_count":16}
2026-08-19T10:51:09Z candidate=RPS_ALL_ONLINE block=screening repetition=1 {"unit":"bv4db-s30-restore-1787136149-186218","deadline_epoch":1787136849,"renewed_at":"2026-08-19T10:51:09Z","renewal_count":17}
2026-08-19T10:51:40Z candidate=RPS_ALL_ONLINE block=screening repetition=1 {"unit":"bv4db-s30-restore-1787136149-186218","deadline_epoch":1787136880,"renewed_at":"2026-08-19T10:51:40Z","renewal_count":18}
2026-08-19T10:52:11Z candidate=RPS_ALL_ONLINE block=screening repetition=1 {"unit":"bv4db-s30-restore-1787136149-186218","deadline_epoch":1787136911,"renewed_at":"2026-08-19T10:52:11Z","renewal_count":19}
2026-08-19T10:52:41Z candidate=RPS_ALL_ONLINE block=screening repetition=1 {"unit":"bv4db-s30-restore-1787136149-186218","deadline_epoch":1787136941,"renewed_at":"2026-08-19T10:52:41Z","renewal_count":20}
2026-08-19T10:53:12Z candidate=RPS_ALL_ONLINE block=screening repetition=1 {"unit":"bv4db-s30-restore-1787136149-186218","deadline_epoch":1787136972,"renewed_at":"2026-08-19T10:53:12Z","renewal_count":21}
2026-08-19T10:54:23Z candidate=XPS_BY_QUEUE block=screening repetition=1 {"unit":"bv4db-s30-restore-1787136833-190521","deadline_epoch":1787137043,"renewed_at":"2026-08-19T10:54:23Z","renewal_count":1}
2026-08-19T10:54:53Z candidate=XPS_BY_QUEUE block=screening repetition=1 {"unit":"bv4db-s30-restore-1787136833-190521","deadline_epoch":1787137073,"renewed_at":"2026-08-19T10:54:53Z","renewal_count":2}
2026-08-19T10:55:24Z candidate=XPS_BY_QUEUE block=screening repetition=1 {"unit":"bv4db-s30-restore-1787136833-190521","deadline_epoch":1787137104,"renewed_at":"2026-08-19T10:55:24Z","renewal_count":3}
2026-08-19T10:55:55Z candidate=XPS_BY_QUEUE block=screening repetition=1 {"unit":"bv4db-s30-restore-1787136833-190521","deadline_epoch":1787137135,"renewed_at":"2026-08-19T10:55:55Z","renewal_count":4}
2026-08-19T10:56:25Z candidate=XPS_BY_QUEUE block=screening repetition=1 {"unit":"bv4db-s30-restore-1787136833-190521","deadline_epoch":1787137165,"renewed_at":"2026-08-19T10:56:25Z","renewal_count":5}
2026-08-19T10:56:56Z candidate=XPS_BY_QUEUE block=screening repetition=1 {"unit":"bv4db-s30-restore-1787136833-190521","deadline_epoch":1787137196,"renewed_at":"2026-08-19T10:56:56Z","renewal_count":6}
2026-08-19T10:57:27Z candidate=XPS_BY_QUEUE block=screening repetition=1 {"unit":"bv4db-s30-restore-1787136833-190521","deadline_epoch":1787137227,"renewed_at":"2026-08-19T10:57:27Z","renewal_count":7}
2026-08-19T10:57:58Z candidate=XPS_BY_QUEUE block=screening repetition=1 {"unit":"bv4db-s30-restore-1787136833-190521","deadline_epoch":1787137258,"renewed_at":"2026-08-19T10:57:58Z","renewal_count":8}
2026-08-19T10:58:28Z candidate=XPS_BY_QUEUE block=screening repetition=1 {"unit":"bv4db-s30-restore-1787136833-190521","deadline_epoch":1787137288,"renewed_at":"2026-08-19T10:58:28Z","renewal_count":9}
2026-08-19T10:58:59Z candidate=XPS_BY_QUEUE block=screening repetition=1 {"unit":"bv4db-s30-restore-1787136833-190521","deadline_epoch":1787137319,"renewed_at":"2026-08-19T10:58:59Z","renewal_count":10}
2026-08-19T10:59:30Z candidate=XPS_BY_QUEUE block=screening repetition=1 {"unit":"bv4db-s30-restore-1787136833-190521","deadline_epoch":1787137350,"renewed_at":"2026-08-19T10:59:30Z","renewal_count":11}
2026-08-19T11:00:01Z candidate=XPS_BY_QUEUE block=screening repetition=1 {"unit":"bv4db-s30-restore-1787136833-190521","deadline_epoch":1787137381,"renewed_at":"2026-08-19T11:00:01Z","renewal_count":12}
2026-08-19T11:00:31Z candidate=XPS_BY_QUEUE block=screening repetition=1 {"unit":"bv4db-s30-restore-1787136833-190521","deadline_epoch":1787137411,"renewed_at":"2026-08-19T11:00:31Z","renewal_count":13}
2026-08-19T11:01:02Z candidate=XPS_BY_QUEUE block=screening repetition=1 {"unit":"bv4db-s30-restore-1787136833-190521","deadline_epoch":1787137442,"renewed_at":"2026-08-19T11:01:02Z","renewal_count":14}
2026-08-19T11:01:33Z candidate=XPS_BY_QUEUE block=screening repetition=1 {"unit":"bv4db-s30-restore-1787136833-190521","deadline_epoch":1787137473,"renewed_at":"2026-08-19T11:01:33Z","renewal_count":15}
2026-08-19T11:02:03Z candidate=XPS_BY_QUEUE block=screening repetition=1 {"unit":"bv4db-s30-restore-1787136833-190521","deadline_epoch":1787137503,"renewed_at":"2026-08-19T11:02:03Z","renewal_count":16}
2026-08-19T11:02:34Z candidate=XPS_BY_QUEUE block=screening repetition=1 {"unit":"bv4db-s30-restore-1787136833-190521","deadline_epoch":1787137534,"renewed_at":"2026-08-19T11:02:34Z","renewal_count":17}
2026-08-19T11:03:05Z candidate=XPS_BY_QUEUE block=screening repetition=1 {"unit":"bv4db-s30-restore-1787136833-190521","deadline_epoch":1787137565,"renewed_at":"2026-08-19T11:03:05Z","renewal_count":18}
2026-08-19T11:03:35Z candidate=XPS_BY_QUEUE block=screening repetition=1 {"unit":"bv4db-s30-restore-1787136833-190521","deadline_epoch":1787137595,"renewed_at":"2026-08-19T11:03:35Z","renewal_count":19}
2026-08-19T11:04:06Z candidate=XPS_BY_QUEUE block=screening repetition=1 {"unit":"bv4db-s30-restore-1787136833-190521","deadline_epoch":1787137626,"renewed_at":"2026-08-19T11:04:06Z","renewal_count":20}
2026-08-19T11:04:36Z candidate=XPS_BY_QUEUE block=screening repetition=1 {"unit":"bv4db-s30-restore-1787136833-190521","deadline_epoch":1787137657,"renewed_at":"2026-08-19T11:04:37Z","renewal_count":21}
2026-08-19T11:05:46Z candidate=OFFLOAD_GRO block=screening repetition=1 {"unit":"bv4db-s30-restore-1787137516-195440","deadline_epoch":1787137726,"renewed_at":"2026-08-19T11:05:46Z","renewal_count":1}
2026-08-19T11:06:17Z candidate=OFFLOAD_GRO block=screening repetition=1 {"unit":"bv4db-s30-restore-1787137516-195440","deadline_epoch":1787137757,"renewed_at":"2026-08-19T11:06:17Z","renewal_count":2}
2026-08-19T11:06:47Z candidate=OFFLOAD_GRO block=screening repetition=1 {"unit":"bv4db-s30-restore-1787137516-195440","deadline_epoch":1787137787,"renewed_at":"2026-08-19T11:06:47Z","renewal_count":3}
2026-08-19T11:07:18Z candidate=OFFLOAD_GRO block=screening repetition=1 {"unit":"bv4db-s30-restore-1787137516-195440","deadline_epoch":1787137818,"renewed_at":"2026-08-19T11:07:18Z","renewal_count":4}
2026-08-19T11:07:49Z candidate=OFFLOAD_GRO block=screening repetition=1 {"unit":"bv4db-s30-restore-1787137516-195440","deadline_epoch":1787137849,"renewed_at":"2026-08-19T11:07:49Z","renewal_count":5}
2026-08-19T11:08:19Z candidate=OFFLOAD_GRO block=screening repetition=1 {"unit":"bv4db-s30-restore-1787137516-195440","deadline_epoch":1787137879,"renewed_at":"2026-08-19T11:08:19Z","renewal_count":6}
2026-08-19T11:08:50Z candidate=OFFLOAD_GRO block=screening repetition=1 {"unit":"bv4db-s30-restore-1787137516-195440","deadline_epoch":1787137910,"renewed_at":"2026-08-19T11:08:50Z","renewal_count":7}
2026-08-19T11:09:21Z candidate=OFFLOAD_GRO block=screening repetition=1 {"unit":"bv4db-s30-restore-1787137516-195440","deadline_epoch":1787137941,"renewed_at":"2026-08-19T11:09:21Z","renewal_count":8}
2026-08-19T11:09:51Z candidate=OFFLOAD_GRO block=screening repetition=1 {"unit":"bv4db-s30-restore-1787137516-195440","deadline_epoch":1787137971,"renewed_at":"2026-08-19T11:09:51Z","renewal_count":9}
2026-08-19T11:10:22Z candidate=OFFLOAD_GRO block=screening repetition=1 {"unit":"bv4db-s30-restore-1787137516-195440","deadline_epoch":1787138002,"renewed_at":"2026-08-19T11:10:22Z","renewal_count":10}
2026-08-19T11:10:53Z candidate=OFFLOAD_GRO block=screening repetition=1 {"unit":"bv4db-s30-restore-1787137516-195440","deadline_epoch":1787138033,"renewed_at":"2026-08-19T11:10:53Z","renewal_count":11}
2026-08-19T11:11:23Z candidate=OFFLOAD_GRO block=screening repetition=1 {"unit":"bv4db-s30-restore-1787137516-195440","deadline_epoch":1787138063,"renewed_at":"2026-08-19T11:11:23Z","renewal_count":12}
2026-08-19T11:11:54Z candidate=OFFLOAD_GRO block=screening repetition=1 {"unit":"bv4db-s30-restore-1787137516-195440","deadline_epoch":1787138094,"renewed_at":"2026-08-19T11:11:54Z","renewal_count":13}
2026-08-19T11:12:25Z candidate=OFFLOAD_GRO block=screening repetition=1 {"unit":"bv4db-s30-restore-1787137516-195440","deadline_epoch":1787138125,"renewed_at":"2026-08-19T11:12:25Z","renewal_count":14}
2026-08-19T11:12:55Z candidate=OFFLOAD_GRO block=screening repetition=1 {"unit":"bv4db-s30-restore-1787137516-195440","deadline_epoch":1787138155,"renewed_at":"2026-08-19T11:12:55Z","renewal_count":15}
2026-08-19T11:13:26Z candidate=OFFLOAD_GRO block=screening repetition=1 {"unit":"bv4db-s30-restore-1787137516-195440","deadline_epoch":1787138186,"renewed_at":"2026-08-19T11:13:26Z","renewal_count":16}
2026-08-19T11:13:57Z candidate=OFFLOAD_GRO block=screening repetition=1 {"unit":"bv4db-s30-restore-1787137516-195440","deadline_epoch":1787138217,"renewed_at":"2026-08-19T11:13:57Z","renewal_count":17}
2026-08-19T11:14:28Z candidate=OFFLOAD_GRO block=screening repetition=1 {"unit":"bv4db-s30-restore-1787137516-195440","deadline_epoch":1787138248,"renewed_at":"2026-08-19T11:14:28Z","renewal_count":18}
2026-08-19T11:14:59Z candidate=OFFLOAD_GRO block=screening repetition=1 {"unit":"bv4db-s30-restore-1787137516-195440","deadline_epoch":1787138279,"renewed_at":"2026-08-19T11:14:59Z","renewal_count":19}
2026-08-19T11:15:29Z candidate=OFFLOAD_GRO block=screening repetition=1 {"unit":"bv4db-s30-restore-1787137516-195440","deadline_epoch":1787138309,"renewed_at":"2026-08-19T11:15:29Z","renewal_count":20}
2026-08-19T11:16:00Z candidate=OFFLOAD_GRO block=screening repetition=1 {"unit":"bv4db-s30-restore-1787137516-195440","deadline_epoch":1787138340,"renewed_at":"2026-08-19T11:16:00Z","renewal_count":21}
2026-08-19T11:17:12Z candidate=OFFLOAD_GSO block=screening repetition=1 {"unit":"bv4db-s30-restore-1787138202-199765","deadline_epoch":1787138412,"renewed_at":"2026-08-19T11:17:12Z","renewal_count":1}
2026-08-19T11:17:43Z candidate=OFFLOAD_GSO block=screening repetition=1 {"unit":"bv4db-s30-restore-1787138202-199765","deadline_epoch":1787138443,"renewed_at":"2026-08-19T11:17:43Z","renewal_count":2}
2026-08-19T11:18:13Z candidate=OFFLOAD_GSO block=screening repetition=1 {"unit":"bv4db-s30-restore-1787138202-199765","deadline_epoch":1787138473,"renewed_at":"2026-08-19T11:18:13Z","renewal_count":3}
2026-08-19T11:18:44Z candidate=OFFLOAD_GSO block=screening repetition=1 {"unit":"bv4db-s30-restore-1787138202-199765","deadline_epoch":1787138504,"renewed_at":"2026-08-19T11:18:44Z","renewal_count":4}
2026-08-19T11:19:15Z candidate=OFFLOAD_GSO block=screening repetition=1 {"unit":"bv4db-s30-restore-1787138202-199765","deadline_epoch":1787138535,"renewed_at":"2026-08-19T11:19:15Z","renewal_count":5}
2026-08-19T11:19:45Z candidate=OFFLOAD_GSO block=screening repetition=1 {"unit":"bv4db-s30-restore-1787138202-199765","deadline_epoch":1787138565,"renewed_at":"2026-08-19T11:19:45Z","renewal_count":6}
2026-08-19T11:20:16Z candidate=OFFLOAD_GSO block=screening repetition=1 {"unit":"bv4db-s30-restore-1787138202-199765","deadline_epoch":1787138596,"renewed_at":"2026-08-19T11:20:16Z","renewal_count":7}
2026-08-19T11:20:47Z candidate=OFFLOAD_GSO block=screening repetition=1 {"unit":"bv4db-s30-restore-1787138202-199765","deadline_epoch":1787138627,"renewed_at":"2026-08-19T11:20:47Z","renewal_count":8}
2026-08-19T11:21:17Z candidate=OFFLOAD_GSO block=screening repetition=1 {"unit":"bv4db-s30-restore-1787138202-199765","deadline_epoch":1787138657,"renewed_at":"2026-08-19T11:21:17Z","renewal_count":9}
2026-08-19T11:21:48Z candidate=OFFLOAD_GSO block=screening repetition=1 {"unit":"bv4db-s30-restore-1787138202-199765","deadline_epoch":1787138688,"renewed_at":"2026-08-19T11:21:48Z","renewal_count":10}
2026-08-19T11:22:19Z candidate=OFFLOAD_GSO block=screening repetition=1 {"unit":"bv4db-s30-restore-1787138202-199765","deadline_epoch":1787138719,"renewed_at":"2026-08-19T11:22:19Z","renewal_count":11}
2026-08-19T11:22:49Z candidate=OFFLOAD_GSO block=screening repetition=1 {"unit":"bv4db-s30-restore-1787138202-199765","deadline_epoch":1787138749,"renewed_at":"2026-08-19T11:22:49Z","renewal_count":12}
2026-08-19T11:23:20Z candidate=OFFLOAD_GSO block=screening repetition=1 {"unit":"bv4db-s30-restore-1787138202-199765","deadline_epoch":1787138780,"renewed_at":"2026-08-19T11:23:20Z","renewal_count":13}
2026-08-19T11:23:51Z candidate=OFFLOAD_GSO block=screening repetition=1 {"unit":"bv4db-s30-restore-1787138202-199765","deadline_epoch":1787138811,"renewed_at":"2026-08-19T11:23:51Z","renewal_count":14}
2026-08-19T11:24:21Z candidate=OFFLOAD_GSO block=screening repetition=1 {"unit":"bv4db-s30-restore-1787138202-199765","deadline_epoch":1787138841,"renewed_at":"2026-08-19T11:24:21Z","renewal_count":15}
2026-08-19T11:24:52Z candidate=OFFLOAD_GSO block=screening repetition=1 {"unit":"bv4db-s30-restore-1787138202-199765","deadline_epoch":1787138872,"renewed_at":"2026-08-19T11:24:52Z","renewal_count":16}
2026-08-19T11:25:23Z candidate=OFFLOAD_GSO block=screening repetition=1 {"unit":"bv4db-s30-restore-1787138202-199765","deadline_epoch":1787138903,"renewed_at":"2026-08-19T11:25:23Z","renewal_count":17}
2026-08-19T11:25:53Z candidate=OFFLOAD_GSO block=screening repetition=1 {"unit":"bv4db-s30-restore-1787138202-199765","deadline_epoch":1787138933,"renewed_at":"2026-08-19T11:25:53Z","renewal_count":18}
2026-08-19T11:26:24Z candidate=OFFLOAD_GSO block=screening repetition=1 {"unit":"bv4db-s30-restore-1787138202-199765","deadline_epoch":1787138964,"renewed_at":"2026-08-19T11:26:24Z","renewal_count":19}
2026-08-19T11:26:55Z candidate=OFFLOAD_GSO block=screening repetition=1 {"unit":"bv4db-s30-restore-1787138202-199765","deadline_epoch":1787138995,"renewed_at":"2026-08-19T11:26:55Z","renewal_count":20}
2026-08-19T11:27:25Z candidate=OFFLOAD_GSO block=screening repetition=1 {"unit":"bv4db-s30-restore-1787138202-199765","deadline_epoch":1787139025,"renewed_at":"2026-08-19T11:27:25Z","renewal_count":21}
2026-08-19T11:28:36Z candidate=OFFLOAD_TSO block=screening repetition=1 {"unit":"bv4db-s30-restore-1787138886-204629","deadline_epoch":1787139096,"renewed_at":"2026-08-19T11:28:36Z","renewal_count":1}
2026-08-19T11:29:06Z candidate=OFFLOAD_TSO block=screening repetition=1 {"unit":"bv4db-s30-restore-1787138886-204629","deadline_epoch":1787139126,"renewed_at":"2026-08-19T11:29:06Z","renewal_count":2}
2026-08-19T11:29:37Z candidate=OFFLOAD_TSO block=screening repetition=1 {"unit":"bv4db-s30-restore-1787138886-204629","deadline_epoch":1787139157,"renewed_at":"2026-08-19T11:29:37Z","renewal_count":3}
2026-08-19T11:30:08Z candidate=OFFLOAD_TSO block=screening repetition=1 {"unit":"bv4db-s30-restore-1787138886-204629","deadline_epoch":1787139188,"renewed_at":"2026-08-19T11:30:08Z","renewal_count":4}
2026-08-19T11:30:38Z candidate=OFFLOAD_TSO block=screening repetition=1 {"unit":"bv4db-s30-restore-1787138886-204629","deadline_epoch":1787139218,"renewed_at":"2026-08-19T11:30:38Z","renewal_count":5}
2026-08-19T11:31:09Z candidate=OFFLOAD_TSO block=screening repetition=1 {"unit":"bv4db-s30-restore-1787138886-204629","deadline_epoch":1787139249,"renewed_at":"2026-08-19T11:31:09Z","renewal_count":6}
2026-08-19T11:31:40Z candidate=OFFLOAD_TSO block=screening repetition=1 {"unit":"bv4db-s30-restore-1787138886-204629","deadline_epoch":1787139280,"renewed_at":"2026-08-19T11:31:40Z","renewal_count":7}
2026-08-19T11:32:10Z candidate=OFFLOAD_TSO block=screening repetition=1 {"unit":"bv4db-s30-restore-1787138886-204629","deadline_epoch":1787139310,"renewed_at":"2026-08-19T11:32:10Z","renewal_count":8}
2026-08-19T11:32:41Z candidate=OFFLOAD_TSO block=screening repetition=1 {"unit":"bv4db-s30-restore-1787138886-204629","deadline_epoch":1787139341,"renewed_at":"2026-08-19T11:32:41Z","renewal_count":9}
2026-08-19T11:33:12Z candidate=OFFLOAD_TSO block=screening repetition=1 {"unit":"bv4db-s30-restore-1787138886-204629","deadline_epoch":1787139372,"renewed_at":"2026-08-19T11:33:12Z","renewal_count":10}
2026-08-19T11:33:42Z candidate=OFFLOAD_TSO block=screening repetition=1 {"unit":"bv4db-s30-restore-1787138886-204629","deadline_epoch":1787139402,"renewed_at":"2026-08-19T11:33:42Z","renewal_count":11}
2026-08-19T11:34:13Z candidate=OFFLOAD_TSO block=screening repetition=1 {"unit":"bv4db-s30-restore-1787138886-204629","deadline_epoch":1787139433,"renewed_at":"2026-08-19T11:34:13Z","renewal_count":12}
2026-08-19T11:34:44Z candidate=OFFLOAD_TSO block=screening repetition=1 {"unit":"bv4db-s30-restore-1787138886-204629","deadline_epoch":1787139464,"renewed_at":"2026-08-19T11:34:44Z","renewal_count":13}
2026-08-19T11:35:15Z candidate=OFFLOAD_TSO block=screening repetition=1 {"unit":"bv4db-s30-restore-1787138886-204629","deadline_epoch":1787139495,"renewed_at":"2026-08-19T11:35:15Z","renewal_count":14}
2026-08-19T11:35:45Z candidate=OFFLOAD_TSO block=screening repetition=1 {"unit":"bv4db-s30-restore-1787138886-204629","deadline_epoch":1787139525,"renewed_at":"2026-08-19T11:35:45Z","renewal_count":15}
2026-08-19T11:36:16Z candidate=OFFLOAD_TSO block=screening repetition=1 {"unit":"bv4db-s30-restore-1787138886-204629","deadline_epoch":1787139556,"renewed_at":"2026-08-19T11:36:16Z","renewal_count":16}
2026-08-19T11:36:47Z candidate=OFFLOAD_TSO block=screening repetition=1 {"unit":"bv4db-s30-restore-1787138886-204629","deadline_epoch":1787139587,"renewed_at":"2026-08-19T11:36:47Z","renewal_count":17}
2026-08-19T11:37:18Z candidate=OFFLOAD_TSO block=screening repetition=1 {"unit":"bv4db-s30-restore-1787138886-204629","deadline_epoch":1787139618,"renewed_at":"2026-08-19T11:37:18Z","renewal_count":18}
2026-08-19T11:37:48Z candidate=OFFLOAD_TSO block=screening repetition=1 {"unit":"bv4db-s30-restore-1787138886-204629","deadline_epoch":1787139648,"renewed_at":"2026-08-19T11:37:48Z","renewal_count":19}
2026-08-19T11:38:19Z candidate=OFFLOAD_TSO block=screening repetition=1 {"unit":"bv4db-s30-restore-1787138886-204629","deadline_epoch":1787139679,"renewed_at":"2026-08-19T11:38:19Z","renewal_count":20}
2026-08-19T11:38:50Z candidate=OFFLOAD_TSO block=screening repetition=1 {"unit":"bv4db-s30-restore-1787138886-204629","deadline_epoch":1787139710,"renewed_at":"2026-08-19T11:38:50Z","renewal_count":21}
