2026-08-19T13:09:40Z candidate=REGULAR_BASELINE_INITIAL block=baseline repetition=1 {"unit":"bv4db-s30-restore-1787144951-228578","deadline_epoch":1787145940,"renewed_at":"2026-08-19T13:09:40Z","renewal_count":1}
2026-08-19T13:10:11Z candidate=REGULAR_BASELINE_INITIAL block=baseline repetition=1 {"unit":"bv4db-s30-restore-1787144951-228578","deadline_epoch":1787145971,"renewed_at":"2026-08-19T13:10:11Z","renewal_count":2}
2026-08-19T13:10:42Z candidate=REGULAR_BASELINE_INITIAL block=baseline repetition=1 {"unit":"bv4db-s30-restore-1787144951-228578","deadline_epoch":1787146002,"renewed_at":"2026-08-19T13:10:42Z","renewal_count":3}
2026-08-19T13:11:12Z candidate=REGULAR_BASELINE_INITIAL block=baseline repetition=1 {"unit":"bv4db-s30-restore-1787144951-228578","deadline_epoch":1787146032,"renewed_at":"2026-08-19T13:11:12Z","renewal_count":4}
2026-08-19T13:11:43Z candidate=REGULAR_BASELINE_INITIAL block=baseline repetition=1 {"unit":"bv4db-s30-restore-1787144951-228578","deadline_epoch":1787146063,"renewed_at":"2026-08-19T13:11:43Z","renewal_count":5}
2026-08-19T13:12:14Z candidate=REGULAR_BASELINE_INITIAL block=baseline repetition=1 {"unit":"bv4db-s30-restore-1787144951-228578","deadline_epoch":1787146094,"renewed_at":"2026-08-19T13:12:14Z","renewal_count":6}
2026-08-19T13:12:44Z candidate=REGULAR_BASELINE_INITIAL block=baseline repetition=1 {"unit":"bv4db-s30-restore-1787144951-228578","deadline_epoch":1787146124,"renewed_at":"2026-08-19T13:12:44Z","renewal_count":7}
2026-08-19T13:13:15Z candidate=REGULAR_BASELINE_INITIAL block=baseline repetition=1 {"unit":"bv4db-s30-restore-1787144951-228578","deadline_epoch":1787146155,"renewed_at":"2026-08-19T13:13:15Z","renewal_count":8}
2026-08-19T13:13:46Z candidate=REGULAR_BASELINE_INITIAL block=baseline repetition=1 {"unit":"bv4db-s30-restore-1787144951-228578","deadline_epoch":1787146186,"renewed_at":"2026-08-19T13:13:46Z","renewal_count":9}
2026-08-19T13:14:16Z candidate=REGULAR_BASELINE_INITIAL block=baseline repetition=1 {"unit":"bv4db-s30-restore-1787144951-228578","deadline_epoch":1787146216,"renewed_at":"2026-08-19T13:14:16Z","renewal_count":10}
2026-08-19T13:14:48Z candidate=REGULAR_BASELINE_INITIAL block=baseline repetition=1 {"unit":"bv4db-s30-restore-1787144951-228578","deadline_epoch":1787146248,"renewed_at":"2026-08-19T13:14:48Z","renewal_count":11}
2026-08-19T13:15:18Z candidate=REGULAR_BASELINE_INITIAL block=baseline repetition=1 {"unit":"bv4db-s30-restore-1787144951-228578","deadline_epoch":1787146279,"renewed_at":"2026-08-19T13:15:19Z","renewal_count":12}
2026-08-19T13:15:49Z candidate=REGULAR_BASELINE_INITIAL block=baseline repetition=1 {"unit":"bv4db-s30-restore-1787144951-228578","deadline_epoch":1787146309,"renewed_at":"2026-08-19T13:15:49Z","renewal_count":13}
2026-08-19T13:16:20Z candidate=REGULAR_BASELINE_INITIAL block=baseline repetition=1 {"unit":"bv4db-s30-restore-1787144951-228578","deadline_epoch":1787146340,"renewed_at":"2026-08-19T13:16:20Z","renewal_count":14}
2026-08-19T13:16:51Z candidate=REGULAR_BASELINE_INITIAL block=baseline repetition=1 {"unit":"bv4db-s30-restore-1787144951-228578","deadline_epoch":1787146371,"renewed_at":"2026-08-19T13:16:51Z","renewal_count":15}
2026-08-19T13:17:21Z candidate=REGULAR_BASELINE_INITIAL block=baseline repetition=1 {"unit":"bv4db-s30-restore-1787144951-228578","deadline_epoch":1787146401,"renewed_at":"2026-08-19T13:17:21Z","renewal_count":16}
2026-08-19T13:17:52Z candidate=REGULAR_BASELINE_INITIAL block=baseline repetition=1 {"unit":"bv4db-s30-restore-1787144951-228578","deadline_epoch":1787146432,"renewed_at":"2026-08-19T13:17:52Z","renewal_count":17}
2026-08-19T13:18:23Z candidate=REGULAR_BASELINE_INITIAL block=baseline repetition=1 {"unit":"bv4db-s30-restore-1787144951-228578","deadline_epoch":1787146463,"renewed_at":"2026-08-19T13:18:23Z","renewal_count":18}
2026-08-19T13:18:53Z candidate=REGULAR_BASELINE_INITIAL block=baseline repetition=1 {"unit":"bv4db-s30-restore-1787144951-228578","deadline_epoch":1787146493,"renewed_at":"2026-08-19T13:18:53Z","renewal_count":19}
2026-08-19T13:19:24Z candidate=REGULAR_BASELINE_INITIAL block=baseline repetition=1 {"unit":"bv4db-s30-restore-1787144951-228578","deadline_epoch":1787146524,"renewed_at":"2026-08-19T13:19:24Z","renewal_count":20}
2026-08-19T13:19:55Z candidate=REGULAR_BASELINE_INITIAL block=baseline repetition=1 {"unit":"bv4db-s30-restore-1787144951-228578","deadline_epoch":1787146555,"renewed_at":"2026-08-19T13:19:55Z","renewal_count":21}
2026-08-19T13:21:06Z candidate=ISCSI_QD128 block=screening repetition=1 {"unit":"bv4db-s30-restore-1787145636-232945","deadline_epoch":1787146626,"renewed_at":"2026-08-19T13:21:06Z","renewal_count":1}
2026-08-19T13:21:37Z candidate=ISCSI_QD128 block=screening repetition=1 {"unit":"bv4db-s30-restore-1787145636-232945","deadline_epoch":1787146657,"renewed_at":"2026-08-19T13:21:37Z","renewal_count":2}
2026-08-19T13:22:07Z candidate=ISCSI_QD128 block=screening repetition=1 {"unit":"bv4db-s30-restore-1787145636-232945","deadline_epoch":1787146687,"renewed_at":"2026-08-19T13:22:07Z","renewal_count":3}
2026-08-19T13:22:38Z candidate=ISCSI_QD128 block=screening repetition=1 {"unit":"bv4db-s30-restore-1787145636-232945","deadline_epoch":1787146718,"renewed_at":"2026-08-19T13:22:38Z","renewal_count":4}
2026-08-19T13:23:09Z candidate=ISCSI_QD128 block=screening repetition=1 {"unit":"bv4db-s30-restore-1787145636-232945","deadline_epoch":1787146749,"renewed_at":"2026-08-19T13:23:09Z","renewal_count":5}
2026-08-19T13:23:39Z candidate=ISCSI_QD128 block=screening repetition=1 {"unit":"bv4db-s30-restore-1787145636-232945","deadline_epoch":1787146779,"renewed_at":"2026-08-19T13:23:39Z","renewal_count":6}
2026-08-19T13:24:10Z candidate=ISCSI_QD128 block=screening repetition=1 {"unit":"bv4db-s30-restore-1787145636-232945","deadline_epoch":1787146810,"renewed_at":"2026-08-19T13:24:10Z","renewal_count":7}
2026-08-19T13:24:41Z candidate=ISCSI_QD128 block=screening repetition=1 {"unit":"bv4db-s30-restore-1787145636-232945","deadline_epoch":1787146841,"renewed_at":"2026-08-19T13:24:41Z","renewal_count":8}
2026-08-19T13:25:11Z candidate=ISCSI_QD128 block=screening repetition=1 {"unit":"bv4db-s30-restore-1787145636-232945","deadline_epoch":1787146871,"renewed_at":"2026-08-19T13:25:11Z","renewal_count":9}
2026-08-19T13:25:42Z candidate=ISCSI_QD128 block=screening repetition=1 {"unit":"bv4db-s30-restore-1787145636-232945","deadline_epoch":1787146902,"renewed_at":"2026-08-19T13:25:42Z","renewal_count":10}
2026-08-19T13:26:13Z candidate=ISCSI_QD128 block=screening repetition=1 {"unit":"bv4db-s30-restore-1787145636-232945","deadline_epoch":1787146933,"renewed_at":"2026-08-19T13:26:13Z","renewal_count":11}
2026-08-19T13:26:43Z candidate=ISCSI_QD128 block=screening repetition=1 {"unit":"bv4db-s30-restore-1787145636-232945","deadline_epoch":1787146964,"renewed_at":"2026-08-19T13:26:44Z","renewal_count":12}
2026-08-19T13:27:14Z candidate=ISCSI_QD128 block=screening repetition=1 {"unit":"bv4db-s30-restore-1787145636-232945","deadline_epoch":1787146994,"renewed_at":"2026-08-19T13:27:14Z","renewal_count":13}
2026-08-19T13:27:45Z candidate=ISCSI_QD128 block=screening repetition=1 {"unit":"bv4db-s30-restore-1787145636-232945","deadline_epoch":1787147025,"renewed_at":"2026-08-19T13:27:45Z","renewal_count":14}
2026-08-19T13:28:15Z candidate=ISCSI_QD128 block=screening repetition=1 {"unit":"bv4db-s30-restore-1787145636-232945","deadline_epoch":1787147056,"renewed_at":"2026-08-19T13:28:16Z","renewal_count":15}
2026-08-19T13:28:46Z candidate=ISCSI_QD128 block=screening repetition=1 {"unit":"bv4db-s30-restore-1787145636-232945","deadline_epoch":1787147086,"renewed_at":"2026-08-19T13:28:46Z","renewal_count":16}
2026-08-19T13:29:17Z candidate=ISCSI_QD128 block=screening repetition=1 {"unit":"bv4db-s30-restore-1787145636-232945","deadline_epoch":1787147117,"renewed_at":"2026-08-19T13:29:17Z","renewal_count":17}
2026-08-19T13:29:47Z candidate=ISCSI_QD128 block=screening repetition=1 {"unit":"bv4db-s30-restore-1787145636-232945","deadline_epoch":1787147148,"renewed_at":"2026-08-19T13:29:48Z","renewal_count":18}
2026-08-19T13:30:18Z candidate=ISCSI_QD128 block=screening repetition=1 {"unit":"bv4db-s30-restore-1787145636-232945","deadline_epoch":1787147178,"renewed_at":"2026-08-19T13:30:18Z","renewal_count":19}
2026-08-19T13:30:49Z candidate=ISCSI_QD128 block=screening repetition=1 {"unit":"bv4db-s30-restore-1787145636-232945","deadline_epoch":1787147209,"renewed_at":"2026-08-19T13:30:49Z","renewal_count":20}
2026-08-19T13:31:19Z candidate=ISCSI_QD128 block=screening repetition=1 {"unit":"bv4db-s30-restore-1787145636-232945","deadline_epoch":1787147240,"renewed_at":"2026-08-19T13:31:20Z","renewal_count":21}
2026-08-19T13:31:50Z candidate=ISCSI_QD128 block=screening repetition=1 {"unit":"bv4db-s30-restore-1787145636-232945","deadline_epoch":1787147270,"renewed_at":"2026-08-19T13:31:50Z","renewal_count":22}
2026-08-19T13:32:54Z candidate=TCP_BUF_2X block=screening repetition=1 {"unit":"bv4db-s30-restore-1787146344-242688","deadline_epoch":1787147334,"renewed_at":"2026-08-19T13:32:54Z","renewal_count":1}
2026-08-19T13:33:24Z candidate=TCP_BUF_2X block=screening repetition=1 {"unit":"bv4db-s30-restore-1787146344-242688","deadline_epoch":1787147364,"renewed_at":"2026-08-19T13:33:24Z","renewal_count":2}
2026-08-19T13:33:55Z candidate=TCP_BUF_2X block=screening repetition=1 {"unit":"bv4db-s30-restore-1787146344-242688","deadline_epoch":1787147395,"renewed_at":"2026-08-19T13:33:55Z","renewal_count":3}
2026-08-19T13:34:26Z candidate=TCP_BUF_2X block=screening repetition=1 {"unit":"bv4db-s30-restore-1787146344-242688","deadline_epoch":1787147426,"renewed_at":"2026-08-19T13:34:26Z","renewal_count":4}
2026-08-19T13:34:56Z candidate=TCP_BUF_2X block=screening repetition=1 {"unit":"bv4db-s30-restore-1787146344-242688","deadline_epoch":1787147456,"renewed_at":"2026-08-19T13:34:56Z","renewal_count":5}
2026-08-19T13:35:27Z candidate=TCP_BUF_2X block=screening repetition=1 {"unit":"bv4db-s30-restore-1787146344-242688","deadline_epoch":1787147487,"renewed_at":"2026-08-19T13:35:27Z","renewal_count":6}
2026-08-19T13:35:58Z candidate=TCP_BUF_2X block=screening repetition=1 {"unit":"bv4db-s30-restore-1787146344-242688","deadline_epoch":1787147518,"renewed_at":"2026-08-19T13:35:58Z","renewal_count":7}
2026-08-19T13:36:29Z candidate=TCP_BUF_2X block=screening repetition=1 {"unit":"bv4db-s30-restore-1787146344-242688","deadline_epoch":1787147549,"renewed_at":"2026-08-19T13:36:29Z","renewal_count":8}
2026-08-19T13:36:59Z candidate=TCP_BUF_2X block=screening repetition=1 {"unit":"bv4db-s30-restore-1787146344-242688","deadline_epoch":1787147580,"renewed_at":"2026-08-19T13:37:00Z","renewal_count":9}
2026-08-19T13:37:30Z candidate=TCP_BUF_2X block=screening repetition=1 {"unit":"bv4db-s30-restore-1787146344-242688","deadline_epoch":1787147610,"renewed_at":"2026-08-19T13:37:30Z","renewal_count":10}
2026-08-19T13:38:01Z candidate=TCP_BUF_2X block=screening repetition=1 {"unit":"bv4db-s30-restore-1787146344-242688","deadline_epoch":1787147641,"renewed_at":"2026-08-19T13:38:01Z","renewal_count":11}
2026-08-19T13:38:32Z candidate=TCP_BUF_2X block=screening repetition=1 {"unit":"bv4db-s30-restore-1787146344-242688","deadline_epoch":1787147672,"renewed_at":"2026-08-19T13:38:32Z","renewal_count":12}
2026-08-19T13:39:02Z candidate=TCP_BUF_2X block=screening repetition=1 {"unit":"bv4db-s30-restore-1787146344-242688","deadline_epoch":1787147702,"renewed_at":"2026-08-19T13:39:02Z","renewal_count":13}
2026-08-19T13:39:33Z candidate=TCP_BUF_2X block=screening repetition=1 {"unit":"bv4db-s30-restore-1787146344-242688","deadline_epoch":1787147733,"renewed_at":"2026-08-19T13:39:33Z","renewal_count":14}
2026-08-19T13:40:04Z candidate=TCP_BUF_2X block=screening repetition=1 {"unit":"bv4db-s30-restore-1787146344-242688","deadline_epoch":1787147764,"renewed_at":"2026-08-19T13:40:04Z","renewal_count":15}
2026-08-19T13:40:34Z candidate=TCP_BUF_2X block=screening repetition=1 {"unit":"bv4db-s30-restore-1787146344-242688","deadline_epoch":1787147794,"renewed_at":"2026-08-19T13:40:34Z","renewal_count":16}
2026-08-19T13:41:05Z candidate=TCP_BUF_2X block=screening repetition=1 {"unit":"bv4db-s30-restore-1787146344-242688","deadline_epoch":1787147825,"renewed_at":"2026-08-19T13:41:05Z","renewal_count":17}
2026-08-19T13:41:36Z candidate=TCP_BUF_2X block=screening repetition=1 {"unit":"bv4db-s30-restore-1787146344-242688","deadline_epoch":1787147856,"renewed_at":"2026-08-19T13:41:36Z","renewal_count":18}
2026-08-19T13:42:06Z candidate=TCP_BUF_2X block=screening repetition=1 {"unit":"bv4db-s30-restore-1787146344-242688","deadline_epoch":1787147886,"renewed_at":"2026-08-19T13:42:06Z","renewal_count":19}
2026-08-19T13:42:37Z candidate=TCP_BUF_2X block=screening repetition=1 {"unit":"bv4db-s30-restore-1787146344-242688","deadline_epoch":1787147917,"renewed_at":"2026-08-19T13:42:37Z","renewal_count":20}
2026-08-19T13:43:08Z candidate=TCP_BUF_2X block=screening repetition=1 {"unit":"bv4db-s30-restore-1787146344-242688","deadline_epoch":1787147948,"renewed_at":"2026-08-19T13:43:08Z","renewal_count":21}
2026-08-19T13:44:17Z candidate=TCP_BUF_4X block=screening repetition=1 {"unit":"bv4db-s30-restore-1787147028-247026","deadline_epoch":1787148017,"renewed_at":"2026-08-19T13:44:17Z","renewal_count":1}
2026-08-19T13:44:48Z candidate=TCP_BUF_4X block=screening repetition=1 {"unit":"bv4db-s30-restore-1787147028-247026","deadline_epoch":1787148048,"renewed_at":"2026-08-19T13:44:48Z","renewal_count":2}
2026-08-19T13:45:19Z candidate=TCP_BUF_4X block=screening repetition=1 {"unit":"bv4db-s30-restore-1787147028-247026","deadline_epoch":1787148079,"renewed_at":"2026-08-19T13:45:19Z","renewal_count":3}
2026-08-19T13:45:49Z candidate=TCP_BUF_4X block=screening repetition=1 {"unit":"bv4db-s30-restore-1787147028-247026","deadline_epoch":1787148110,"renewed_at":"2026-08-19T13:45:50Z","renewal_count":4}
2026-08-19T13:46:20Z candidate=TCP_BUF_4X block=screening repetition=1 {"unit":"bv4db-s30-restore-1787147028-247026","deadline_epoch":1787148140,"renewed_at":"2026-08-19T13:46:20Z","renewal_count":5}
2026-08-19T13:46:51Z candidate=TCP_BUF_4X block=screening repetition=1 {"unit":"bv4db-s30-restore-1787147028-247026","deadline_epoch":1787148171,"renewed_at":"2026-08-19T13:46:51Z","renewal_count":6}
2026-08-19T13:47:22Z candidate=TCP_BUF_4X block=screening repetition=1 {"unit":"bv4db-s30-restore-1787147028-247026","deadline_epoch":1787148202,"renewed_at":"2026-08-19T13:47:22Z","renewal_count":7}
2026-08-19T13:47:53Z candidate=TCP_BUF_4X block=screening repetition=1 {"unit":"bv4db-s30-restore-1787147028-247026","deadline_epoch":1787148233,"renewed_at":"2026-08-19T13:47:53Z","renewal_count":8}
2026-08-19T13:48:23Z candidate=TCP_BUF_4X block=screening repetition=1 {"unit":"bv4db-s30-restore-1787147028-247026","deadline_epoch":1787148263,"renewed_at":"2026-08-19T13:48:23Z","renewal_count":9}
2026-08-19T13:48:54Z candidate=TCP_BUF_4X block=screening repetition=1 {"unit":"bv4db-s30-restore-1787147028-247026","deadline_epoch":1787148294,"renewed_at":"2026-08-19T13:48:54Z","renewal_count":10}
2026-08-19T13:49:25Z candidate=TCP_BUF_4X block=screening repetition=1 {"unit":"bv4db-s30-restore-1787147028-247026","deadline_epoch":1787148325,"renewed_at":"2026-08-19T13:49:25Z","renewal_count":11}
2026-08-19T13:49:55Z candidate=TCP_BUF_4X block=screening repetition=1 {"unit":"bv4db-s30-restore-1787147028-247026","deadline_epoch":1787148355,"renewed_at":"2026-08-19T13:49:55Z","renewal_count":12}
2026-08-19T13:50:26Z candidate=TCP_BUF_4X block=screening repetition=1 {"unit":"bv4db-s30-restore-1787147028-247026","deadline_epoch":1787148386,"renewed_at":"2026-08-19T13:50:26Z","renewal_count":13}
2026-08-19T13:50:57Z candidate=TCP_BUF_4X block=screening repetition=1 {"unit":"bv4db-s30-restore-1787147028-247026","deadline_epoch":1787148417,"renewed_at":"2026-08-19T13:50:57Z","renewal_count":14}
2026-08-19T13:51:28Z candidate=TCP_BUF_4X block=screening repetition=1 {"unit":"bv4db-s30-restore-1787147028-247026","deadline_epoch":1787148448,"renewed_at":"2026-08-19T13:51:28Z","renewal_count":15}
2026-08-19T13:51:59Z candidate=TCP_BUF_4X block=screening repetition=1 {"unit":"bv4db-s30-restore-1787147028-247026","deadline_epoch":1787148479,"renewed_at":"2026-08-19T13:51:59Z","renewal_count":16}
2026-08-19T13:52:29Z candidate=TCP_BUF_4X block=screening repetition=1 {"unit":"bv4db-s30-restore-1787147028-247026","deadline_epoch":1787148509,"renewed_at":"2026-08-19T13:52:29Z","renewal_count":17}
2026-08-19T13:53:00Z candidate=TCP_BUF_4X block=screening repetition=1 {"unit":"bv4db-s30-restore-1787147028-247026","deadline_epoch":1787148540,"renewed_at":"2026-08-19T13:53:00Z","renewal_count":18}
2026-08-19T13:53:31Z candidate=TCP_BUF_4X block=screening repetition=1 {"unit":"bv4db-s30-restore-1787147028-247026","deadline_epoch":1787148571,"renewed_at":"2026-08-19T13:53:31Z","renewal_count":19}
2026-08-19T13:54:01Z candidate=TCP_BUF_4X block=screening repetition=1 {"unit":"bv4db-s30-restore-1787147028-247026","deadline_epoch":1787148601,"renewed_at":"2026-08-19T13:54:01Z","renewal_count":20}
2026-08-19T13:54:32Z candidate=TCP_BUF_4X block=screening repetition=1 {"unit":"bv4db-s30-restore-1787147028-247026","deadline_epoch":1787148632,"renewed_at":"2026-08-19T13:54:32Z","renewal_count":21}
2026-08-19T13:55:42Z candidate=TCP_CC_BBR block=screening repetition=1 {"unit":"bv4db-s30-restore-1787147712-251773","deadline_epoch":1787148702,"renewed_at":"2026-08-19T13:55:42Z","renewal_count":1}
2026-08-19T13:56:12Z candidate=TCP_CC_BBR block=screening repetition=1 {"unit":"bv4db-s30-restore-1787147712-251773","deadline_epoch":1787148732,"renewed_at":"2026-08-19T13:56:12Z","renewal_count":2}
2026-08-19T13:56:43Z candidate=TCP_CC_BBR block=screening repetition=1 {"unit":"bv4db-s30-restore-1787147712-251773","deadline_epoch":1787148763,"renewed_at":"2026-08-19T13:56:43Z","renewal_count":3}
2026-08-19T13:57:14Z candidate=TCP_CC_BBR block=screening repetition=1 {"unit":"bv4db-s30-restore-1787147712-251773","deadline_epoch":1787148794,"renewed_at":"2026-08-19T13:57:14Z","renewal_count":4}
2026-08-19T13:57:44Z candidate=TCP_CC_BBR block=screening repetition=1 {"unit":"bv4db-s30-restore-1787147712-251773","deadline_epoch":1787148824,"renewed_at":"2026-08-19T13:57:44Z","renewal_count":5}
2026-08-19T13:58:15Z candidate=TCP_CC_BBR block=screening repetition=1 {"unit":"bv4db-s30-restore-1787147712-251773","deadline_epoch":1787148855,"renewed_at":"2026-08-19T13:58:15Z","renewal_count":6}
2026-08-19T13:58:46Z candidate=TCP_CC_BBR block=screening repetition=1 {"unit":"bv4db-s30-restore-1787147712-251773","deadline_epoch":1787148886,"renewed_at":"2026-08-19T13:58:46Z","renewal_count":7}
2026-08-19T13:59:16Z candidate=TCP_CC_BBR block=screening repetition=1 {"unit":"bv4db-s30-restore-1787147712-251773","deadline_epoch":1787148916,"renewed_at":"2026-08-19T13:59:16Z","renewal_count":8}
2026-08-19T13:59:47Z candidate=TCP_CC_BBR block=screening repetition=1 {"unit":"bv4db-s30-restore-1787147712-251773","deadline_epoch":1787148947,"renewed_at":"2026-08-19T13:59:47Z","renewal_count":9}
2026-08-19T14:00:18Z candidate=TCP_CC_BBR block=screening repetition=1 {"unit":"bv4db-s30-restore-1787147712-251773","deadline_epoch":1787148978,"renewed_at":"2026-08-19T14:00:18Z","renewal_count":10}
2026-08-19T14:00:48Z candidate=TCP_CC_BBR block=screening repetition=1 {"unit":"bv4db-s30-restore-1787147712-251773","deadline_epoch":1787149009,"renewed_at":"2026-08-19T14:00:49Z","renewal_count":11}
2026-08-19T14:01:19Z candidate=TCP_CC_BBR block=screening repetition=1 {"unit":"bv4db-s30-restore-1787147712-251773","deadline_epoch":1787149039,"renewed_at":"2026-08-19T14:01:19Z","renewal_count":12}
2026-08-19T14:01:50Z candidate=TCP_CC_BBR block=screening repetition=1 {"unit":"bv4db-s30-restore-1787147712-251773","deadline_epoch":1787149070,"renewed_at":"2026-08-19T14:01:50Z","renewal_count":13}
2026-08-19T14:02:20Z candidate=TCP_CC_BBR block=screening repetition=1 {"unit":"bv4db-s30-restore-1787147712-251773","deadline_epoch":1787149101,"renewed_at":"2026-08-19T14:02:21Z","renewal_count":14}
2026-08-19T14:02:51Z candidate=TCP_CC_BBR block=screening repetition=1 {"unit":"bv4db-s30-restore-1787147712-251773","deadline_epoch":1787149131,"renewed_at":"2026-08-19T14:02:51Z","renewal_count":15}
2026-08-19T14:03:22Z candidate=TCP_CC_BBR block=screening repetition=1 {"unit":"bv4db-s30-restore-1787147712-251773","deadline_epoch":1787149162,"renewed_at":"2026-08-19T14:03:22Z","renewal_count":16}
2026-08-19T14:03:52Z candidate=TCP_CC_BBR block=screening repetition=1 {"unit":"bv4db-s30-restore-1787147712-251773","deadline_epoch":1787149193,"renewed_at":"2026-08-19T14:03:53Z","renewal_count":17}
2026-08-19T14:04:23Z candidate=TCP_CC_BBR block=screening repetition=1 {"unit":"bv4db-s30-restore-1787147712-251773","deadline_epoch":1787149223,"renewed_at":"2026-08-19T14:04:23Z","renewal_count":18}
2026-08-19T14:04:54Z candidate=TCP_CC_BBR block=screening repetition=1 {"unit":"bv4db-s30-restore-1787147712-251773","deadline_epoch":1787149254,"renewed_at":"2026-08-19T14:04:54Z","renewal_count":19}
2026-08-19T14:05:24Z candidate=TCP_CC_BBR block=screening repetition=1 {"unit":"bv4db-s30-restore-1787147712-251773","deadline_epoch":1787149284,"renewed_at":"2026-08-19T14:05:24Z","renewal_count":20}
2026-08-19T14:05:55Z candidate=TCP_CC_BBR block=screening repetition=1 {"unit":"bv4db-s30-restore-1787147712-251773","deadline_epoch":1787149315,"renewed_at":"2026-08-19T14:05:55Z","renewal_count":21}
2026-08-19T14:06:26Z candidate=TCP_CC_BBR block=screening repetition=1 {"unit":"bv4db-s30-restore-1787147712-251773","deadline_epoch":1787149346,"renewed_at":"2026-08-19T14:06:26Z","renewal_count":22}
2026-08-19T14:07:29Z candidate=TCP_CC_RENO block=screening repetition=1 {"unit":"bv4db-s30-restore-1787148419-261078","deadline_epoch":1787149409,"renewed_at":"2026-08-19T14:07:29Z","renewal_count":1}
2026-08-19T14:08:00Z candidate=TCP_CC_RENO block=screening repetition=1 {"unit":"bv4db-s30-restore-1787148419-261078","deadline_epoch":1787149440,"renewed_at":"2026-08-19T14:08:00Z","renewal_count":2}
2026-08-19T14:08:30Z candidate=TCP_CC_RENO block=screening repetition=1 {"unit":"bv4db-s30-restore-1787148419-261078","deadline_epoch":1787149471,"renewed_at":"2026-08-19T14:08:31Z","renewal_count":3}
2026-08-19T14:09:01Z candidate=TCP_CC_RENO block=screening repetition=1 {"unit":"bv4db-s30-restore-1787148419-261078","deadline_epoch":1787149501,"renewed_at":"2026-08-19T14:09:01Z","renewal_count":4}
2026-08-19T14:09:32Z candidate=TCP_CC_RENO block=screening repetition=1 {"unit":"bv4db-s30-restore-1787148419-261078","deadline_epoch":1787149532,"renewed_at":"2026-08-19T14:09:32Z","renewal_count":5}
2026-08-19T14:10:03Z candidate=TCP_CC_RENO block=screening repetition=1 {"unit":"bv4db-s30-restore-1787148419-261078","deadline_epoch":1787149563,"renewed_at":"2026-08-19T14:10:03Z","renewal_count":6}
2026-08-19T14:10:33Z candidate=TCP_CC_RENO block=screening repetition=1 {"unit":"bv4db-s30-restore-1787148419-261078","deadline_epoch":1787149593,"renewed_at":"2026-08-19T14:10:33Z","renewal_count":7}
2026-08-19T14:11:04Z candidate=TCP_CC_RENO block=screening repetition=1 {"unit":"bv4db-s30-restore-1787148419-261078","deadline_epoch":1787149624,"renewed_at":"2026-08-19T14:11:04Z","renewal_count":8}
2026-08-19T14:11:34Z candidate=TCP_CC_RENO block=screening repetition=1 {"unit":"bv4db-s30-restore-1787148419-261078","deadline_epoch":1787149655,"renewed_at":"2026-08-19T14:11:35Z","renewal_count":9}
2026-08-19T14:12:05Z candidate=TCP_CC_RENO block=screening repetition=1 {"unit":"bv4db-s30-restore-1787148419-261078","deadline_epoch":1787149685,"renewed_at":"2026-08-19T14:12:05Z","renewal_count":10}
2026-08-19T14:12:36Z candidate=TCP_CC_RENO block=screening repetition=1 {"unit":"bv4db-s30-restore-1787148419-261078","deadline_epoch":1787149716,"renewed_at":"2026-08-19T14:12:36Z","renewal_count":11}
2026-08-19T14:13:06Z candidate=TCP_CC_RENO block=screening repetition=1 {"unit":"bv4db-s30-restore-1787148419-261078","deadline_epoch":1787149747,"renewed_at":"2026-08-19T14:13:07Z","renewal_count":12}
2026-08-19T14:13:37Z candidate=TCP_CC_RENO block=screening repetition=1 {"unit":"bv4db-s30-restore-1787148419-261078","deadline_epoch":1787149777,"renewed_at":"2026-08-19T14:13:37Z","renewal_count":13}
2026-08-19T14:14:08Z candidate=TCP_CC_RENO block=screening repetition=1 {"unit":"bv4db-s30-restore-1787148419-261078","deadline_epoch":1787149808,"renewed_at":"2026-08-19T14:14:08Z","renewal_count":14}
2026-08-19T14:14:39Z candidate=TCP_CC_RENO block=screening repetition=1 {"unit":"bv4db-s30-restore-1787148419-261078","deadline_epoch":1787149839,"renewed_at":"2026-08-19T14:14:39Z","renewal_count":15}
2026-08-19T14:15:09Z candidate=TCP_CC_RENO block=screening repetition=1 {"unit":"bv4db-s30-restore-1787148419-261078","deadline_epoch":1787149869,"renewed_at":"2026-08-19T14:15:09Z","renewal_count":16}
2026-08-19T14:15:40Z candidate=TCP_CC_RENO block=screening repetition=1 {"unit":"bv4db-s30-restore-1787148419-261078","deadline_epoch":1787149900,"renewed_at":"2026-08-19T14:15:40Z","renewal_count":17}
2026-08-19T14:16:11Z candidate=TCP_CC_RENO block=screening repetition=1 {"unit":"bv4db-s30-restore-1787148419-261078","deadline_epoch":1787149931,"renewed_at":"2026-08-19T14:16:11Z","renewal_count":18}
2026-08-19T14:16:41Z candidate=TCP_CC_RENO block=screening repetition=1 {"unit":"bv4db-s30-restore-1787148419-261078","deadline_epoch":1787149961,"renewed_at":"2026-08-19T14:16:41Z","renewal_count":19}
2026-08-19T14:17:12Z candidate=TCP_CC_RENO block=screening repetition=1 {"unit":"bv4db-s30-restore-1787148419-261078","deadline_epoch":1787149992,"renewed_at":"2026-08-19T14:17:12Z","renewal_count":20}
2026-08-19T14:17:42Z candidate=TCP_CC_RENO block=screening repetition=1 {"unit":"bv4db-s30-restore-1787148419-261078","deadline_epoch":1787150023,"renewed_at":"2026-08-19T14:17:43Z","renewal_count":21}
2026-08-19T14:18:13Z candidate=TCP_CC_RENO block=screening repetition=1 {"unit":"bv4db-s30-restore-1787148419-261078","deadline_epoch":1787150053,"renewed_at":"2026-08-19T14:18:13Z","renewal_count":22}
2026-08-19T14:19:16Z candidate=NETDEV_BACKLOG_2X block=screening repetition=1 {"unit":"bv4db-s30-restore-1787149127-270221","deadline_epoch":1787150116,"renewed_at":"2026-08-19T14:19:16Z","renewal_count":1}
2026-08-19T14:19:47Z candidate=NETDEV_BACKLOG_2X block=screening repetition=1 {"unit":"bv4db-s30-restore-1787149127-270221","deadline_epoch":1787150147,"renewed_at":"2026-08-19T14:19:47Z","renewal_count":2}
2026-08-19T14:20:18Z candidate=NETDEV_BACKLOG_2X block=screening repetition=1 {"unit":"bv4db-s30-restore-1787149127-270221","deadline_epoch":1787150178,"renewed_at":"2026-08-19T14:20:18Z","renewal_count":3}
2026-08-19T14:20:48Z candidate=NETDEV_BACKLOG_2X block=screening repetition=1 {"unit":"bv4db-s30-restore-1787149127-270221","deadline_epoch":1787150208,"renewed_at":"2026-08-19T14:20:48Z","renewal_count":4}
2026-08-19T14:21:19Z candidate=NETDEV_BACKLOG_2X block=screening repetition=1 {"unit":"bv4db-s30-restore-1787149127-270221","deadline_epoch":1787150239,"renewed_at":"2026-08-19T14:21:19Z","renewal_count":5}
2026-08-19T14:21:50Z candidate=NETDEV_BACKLOG_2X block=screening repetition=1 {"unit":"bv4db-s30-restore-1787149127-270221","deadline_epoch":1787150270,"renewed_at":"2026-08-19T14:21:50Z","renewal_count":6}
2026-08-19T14:22:21Z candidate=NETDEV_BACKLOG_2X block=screening repetition=1 {"unit":"bv4db-s30-restore-1787149127-270221","deadline_epoch":1787150301,"renewed_at":"2026-08-19T14:22:21Z","renewal_count":7}
2026-08-19T14:22:51Z candidate=NETDEV_BACKLOG_2X block=screening repetition=1 {"unit":"bv4db-s30-restore-1787149127-270221","deadline_epoch":1787150331,"renewed_at":"2026-08-19T14:22:51Z","renewal_count":8}
2026-08-19T14:23:22Z candidate=NETDEV_BACKLOG_2X block=screening repetition=1 {"unit":"bv4db-s30-restore-1787149127-270221","deadline_epoch":1787150362,"renewed_at":"2026-08-19T14:23:22Z","renewal_count":9}
2026-08-19T14:23:53Z candidate=NETDEV_BACKLOG_2X block=screening repetition=1 {"unit":"bv4db-s30-restore-1787149127-270221","deadline_epoch":1787150393,"renewed_at":"2026-08-19T14:23:53Z","renewal_count":10}
2026-08-19T14:24:23Z candidate=NETDEV_BACKLOG_2X block=screening repetition=1 {"unit":"bv4db-s30-restore-1787149127-270221","deadline_epoch":1787150423,"renewed_at":"2026-08-19T14:24:23Z","renewal_count":11}
2026-08-19T14:24:54Z candidate=NETDEV_BACKLOG_2X block=screening repetition=1 {"unit":"bv4db-s30-restore-1787149127-270221","deadline_epoch":1787150454,"renewed_at":"2026-08-19T14:24:54Z","renewal_count":12}
2026-08-19T14:25:25Z candidate=NETDEV_BACKLOG_2X block=screening repetition=1 {"unit":"bv4db-s30-restore-1787149127-270221","deadline_epoch":1787150485,"renewed_at":"2026-08-19T14:25:25Z","renewal_count":13}
2026-08-19T14:25:55Z candidate=NETDEV_BACKLOG_2X block=screening repetition=1 {"unit":"bv4db-s30-restore-1787149127-270221","deadline_epoch":1787150515,"renewed_at":"2026-08-19T14:25:55Z","renewal_count":14}
2026-08-19T14:26:26Z candidate=NETDEV_BACKLOG_2X block=screening repetition=1 {"unit":"bv4db-s30-restore-1787149127-270221","deadline_epoch":1787150546,"renewed_at":"2026-08-19T14:26:26Z","renewal_count":15}
2026-08-19T14:26:57Z candidate=NETDEV_BACKLOG_2X block=screening repetition=1 {"unit":"bv4db-s30-restore-1787149127-270221","deadline_epoch":1787150577,"renewed_at":"2026-08-19T14:26:57Z","renewal_count":16}
2026-08-19T14:27:28Z candidate=NETDEV_BACKLOG_2X block=screening repetition=1 {"unit":"bv4db-s30-restore-1787149127-270221","deadline_epoch":1787150608,"renewed_at":"2026-08-19T14:27:28Z","renewal_count":17}
2026-08-19T14:27:58Z candidate=NETDEV_BACKLOG_2X block=screening repetition=1 {"unit":"bv4db-s30-restore-1787149127-270221","deadline_epoch":1787150639,"renewed_at":"2026-08-19T14:27:59Z","renewal_count":18}
2026-08-19T14:28:29Z candidate=NETDEV_BACKLOG_2X block=screening repetition=1 {"unit":"bv4db-s30-restore-1787149127-270221","deadline_epoch":1787150669,"renewed_at":"2026-08-19T14:28:29Z","renewal_count":19}
2026-08-19T14:29:00Z candidate=NETDEV_BACKLOG_2X block=screening repetition=1 {"unit":"bv4db-s30-restore-1787149127-270221","deadline_epoch":1787150700,"renewed_at":"2026-08-19T14:29:00Z","renewal_count":20}
2026-08-19T14:29:31Z candidate=NETDEV_BACKLOG_2X block=screening repetition=1 {"unit":"bv4db-s30-restore-1787149127-270221","deadline_epoch":1787150731,"renewed_at":"2026-08-19T14:29:31Z","renewal_count":21}
2026-08-19T14:30:41Z candidate=NETDEV_BACKLOG_4X block=screening repetition=1 {"unit":"bv4db-s30-restore-1787149811-275163","deadline_epoch":1787150801,"renewed_at":"2026-08-19T14:30:41Z","renewal_count":1}
2026-08-19T14:31:11Z candidate=NETDEV_BACKLOG_4X block=screening repetition=1 {"unit":"bv4db-s30-restore-1787149811-275163","deadline_epoch":1787150831,"renewed_at":"2026-08-19T14:31:11Z","renewal_count":2}
2026-08-19T14:31:42Z candidate=NETDEV_BACKLOG_4X block=screening repetition=1 {"unit":"bv4db-s30-restore-1787149811-275163","deadline_epoch":1787150862,"renewed_at":"2026-08-19T14:31:42Z","renewal_count":3}
2026-08-19T14:32:13Z candidate=NETDEV_BACKLOG_4X block=screening repetition=1 {"unit":"bv4db-s30-restore-1787149811-275163","deadline_epoch":1787150893,"renewed_at":"2026-08-19T14:32:13Z","renewal_count":4}
2026-08-19T14:32:43Z candidate=NETDEV_BACKLOG_4X block=screening repetition=1 {"unit":"bv4db-s30-restore-1787149811-275163","deadline_epoch":1787150923,"renewed_at":"2026-08-19T14:32:43Z","renewal_count":5}
2026-08-19T14:33:14Z candidate=NETDEV_BACKLOG_4X block=screening repetition=1 {"unit":"bv4db-s30-restore-1787149811-275163","deadline_epoch":1787150954,"renewed_at":"2026-08-19T14:33:14Z","renewal_count":6}
2026-08-19T14:33:45Z candidate=NETDEV_BACKLOG_4X block=screening repetition=1 {"unit":"bv4db-s30-restore-1787149811-275163","deadline_epoch":1787150985,"renewed_at":"2026-08-19T14:33:45Z","renewal_count":7}
2026-08-19T14:34:15Z candidate=NETDEV_BACKLOG_4X block=screening repetition=1 {"unit":"bv4db-s30-restore-1787149811-275163","deadline_epoch":1787151015,"renewed_at":"2026-08-19T14:34:15Z","renewal_count":8}
2026-08-19T14:34:46Z candidate=NETDEV_BACKLOG_4X block=screening repetition=1 {"unit":"bv4db-s30-restore-1787149811-275163","deadline_epoch":1787151046,"renewed_at":"2026-08-19T14:34:46Z","renewal_count":9}
2026-08-19T14:35:17Z candidate=NETDEV_BACKLOG_4X block=screening repetition=1 {"unit":"bv4db-s30-restore-1787149811-275163","deadline_epoch":1787151077,"renewed_at":"2026-08-19T14:35:17Z","renewal_count":10}
2026-08-19T14:35:48Z candidate=NETDEV_BACKLOG_4X block=screening repetition=1 {"unit":"bv4db-s30-restore-1787149811-275163","deadline_epoch":1787151108,"renewed_at":"2026-08-19T14:35:48Z","renewal_count":11}
2026-08-19T14:36:19Z candidate=NETDEV_BACKLOG_4X block=screening repetition=1 {"unit":"bv4db-s30-restore-1787149811-275163","deadline_epoch":1787151139,"renewed_at":"2026-08-19T14:36:19Z","renewal_count":12}
2026-08-19T14:36:49Z candidate=NETDEV_BACKLOG_4X block=screening repetition=1 {"unit":"bv4db-s30-restore-1787149811-275163","deadline_epoch":1787151169,"renewed_at":"2026-08-19T14:36:49Z","renewal_count":13}
2026-08-19T14:37:20Z candidate=NETDEV_BACKLOG_4X block=screening repetition=1 {"unit":"bv4db-s30-restore-1787149811-275163","deadline_epoch":1787151200,"renewed_at":"2026-08-19T14:37:20Z","renewal_count":14}
2026-08-19T14:37:51Z candidate=NETDEV_BACKLOG_4X block=screening repetition=1 {"unit":"bv4db-s30-restore-1787149811-275163","deadline_epoch":1787151231,"renewed_at":"2026-08-19T14:37:51Z","renewal_count":15}
2026-08-19T14:38:21Z candidate=NETDEV_BACKLOG_4X block=screening repetition=1 {"unit":"bv4db-s30-restore-1787149811-275163","deadline_epoch":1787151261,"renewed_at":"2026-08-19T14:38:21Z","renewal_count":16}
2026-08-19T14:38:52Z candidate=NETDEV_BACKLOG_4X block=screening repetition=1 {"unit":"bv4db-s30-restore-1787149811-275163","deadline_epoch":1787151292,"renewed_at":"2026-08-19T14:38:52Z","renewal_count":17}
2026-08-19T14:39:23Z candidate=NETDEV_BACKLOG_4X block=screening repetition=1 {"unit":"bv4db-s30-restore-1787149811-275163","deadline_epoch":1787151323,"renewed_at":"2026-08-19T14:39:23Z","renewal_count":18}
2026-08-19T14:39:53Z candidate=NETDEV_BACKLOG_4X block=screening repetition=1 {"unit":"bv4db-s30-restore-1787149811-275163","deadline_epoch":1787151353,"renewed_at":"2026-08-19T14:39:53Z","renewal_count":19}
2026-08-19T14:40:24Z candidate=NETDEV_BACKLOG_4X block=screening repetition=1 {"unit":"bv4db-s30-restore-1787149811-275163","deadline_epoch":1787151384,"renewed_at":"2026-08-19T14:40:24Z","renewal_count":20}
2026-08-19T14:40:55Z candidate=NETDEV_BACKLOG_4X block=screening repetition=1 {"unit":"bv4db-s30-restore-1787149811-275163","deadline_epoch":1787151415,"renewed_at":"2026-08-19T14:40:55Z","renewal_count":21}
2026-08-19T14:42:04Z candidate=RFS_65536 block=screening repetition=1 {"unit":"bv4db-s30-restore-1787150494-279488","deadline_epoch":1787151484,"renewed_at":"2026-08-19T14:42:04Z","renewal_count":1}
2026-08-19T14:42:35Z candidate=RFS_65536 block=screening repetition=1 {"unit":"bv4db-s30-restore-1787150494-279488","deadline_epoch":1787151515,"renewed_at":"2026-08-19T14:42:35Z","renewal_count":2}
2026-08-19T14:43:05Z candidate=RFS_65536 block=screening repetition=1 {"unit":"bv4db-s30-restore-1787150494-279488","deadline_epoch":1787151545,"renewed_at":"2026-08-19T14:43:05Z","renewal_count":3}
2026-08-19T14:43:36Z candidate=RFS_65536 block=screening repetition=1 {"unit":"bv4db-s30-restore-1787150494-279488","deadline_epoch":1787151576,"renewed_at":"2026-08-19T14:43:36Z","renewal_count":4}
2026-08-19T14:44:07Z candidate=RFS_65536 block=screening repetition=1 {"unit":"bv4db-s30-restore-1787150494-279488","deadline_epoch":1787151607,"renewed_at":"2026-08-19T14:44:07Z","renewal_count":5}
2026-08-19T14:44:37Z candidate=RFS_65536 block=screening repetition=1 {"unit":"bv4db-s30-restore-1787150494-279488","deadline_epoch":1787151637,"renewed_at":"2026-08-19T14:44:37Z","renewal_count":6}
2026-08-19T14:45:08Z candidate=RFS_65536 block=screening repetition=1 {"unit":"bv4db-s30-restore-1787150494-279488","deadline_epoch":1787151668,"renewed_at":"2026-08-19T14:45:08Z","renewal_count":7}
2026-08-19T14:45:39Z candidate=RFS_65536 block=screening repetition=1 {"unit":"bv4db-s30-restore-1787150494-279488","deadline_epoch":1787151699,"renewed_at":"2026-08-19T14:45:39Z","renewal_count":8}
2026-08-19T14:46:10Z candidate=RFS_65536 block=screening repetition=1 {"unit":"bv4db-s30-restore-1787150494-279488","deadline_epoch":1787151730,"renewed_at":"2026-08-19T14:46:10Z","renewal_count":9}
2026-08-19T14:46:40Z candidate=RFS_65536 block=screening repetition=1 {"unit":"bv4db-s30-restore-1787150494-279488","deadline_epoch":1787151760,"renewed_at":"2026-08-19T14:46:40Z","renewal_count":10}
2026-08-19T14:47:11Z candidate=RFS_65536 block=screening repetition=1 {"unit":"bv4db-s30-restore-1787150494-279488","deadline_epoch":1787151791,"renewed_at":"2026-08-19T14:47:11Z","renewal_count":11}
2026-08-19T14:47:41Z candidate=RFS_65536 block=screening repetition=1 {"unit":"bv4db-s30-restore-1787150494-279488","deadline_epoch":1787151821,"renewed_at":"2026-08-19T14:47:41Z","renewal_count":12}
2026-08-19T14:48:12Z candidate=RFS_65536 block=screening repetition=1 {"unit":"bv4db-s30-restore-1787150494-279488","deadline_epoch":1787151852,"renewed_at":"2026-08-19T14:48:12Z","renewal_count":13}
2026-08-19T14:48:43Z candidate=RFS_65536 block=screening repetition=1 {"unit":"bv4db-s30-restore-1787150494-279488","deadline_epoch":1787151883,"renewed_at":"2026-08-19T14:48:43Z","renewal_count":14}
2026-08-19T14:49:13Z candidate=RFS_65536 block=screening repetition=1 {"unit":"bv4db-s30-restore-1787150494-279488","deadline_epoch":1787151913,"renewed_at":"2026-08-19T14:49:13Z","renewal_count":15}
2026-08-19T14:49:44Z candidate=RFS_65536 block=screening repetition=1 {"unit":"bv4db-s30-restore-1787150494-279488","deadline_epoch":1787151944,"renewed_at":"2026-08-19T14:49:44Z","renewal_count":16}
2026-08-19T14:50:15Z candidate=RFS_65536 block=screening repetition=1 {"unit":"bv4db-s30-restore-1787150494-279488","deadline_epoch":1787151975,"renewed_at":"2026-08-19T14:50:15Z","renewal_count":17}
2026-08-19T14:50:45Z candidate=RFS_65536 block=screening repetition=1 {"unit":"bv4db-s30-restore-1787150494-279488","deadline_epoch":1787152005,"renewed_at":"2026-08-19T14:50:45Z","renewal_count":18}
2026-08-19T14:51:16Z candidate=RFS_65536 block=screening repetition=1 {"unit":"bv4db-s30-restore-1787150494-279488","deadline_epoch":1787152036,"renewed_at":"2026-08-19T14:51:16Z","renewal_count":19}
2026-08-19T14:51:47Z candidate=RFS_65536 block=screening repetition=1 {"unit":"bv4db-s30-restore-1787150494-279488","deadline_epoch":1787152067,"renewed_at":"2026-08-19T14:51:47Z","renewal_count":20}
2026-08-19T14:52:17Z candidate=RFS_65536 block=screening repetition=1 {"unit":"bv4db-s30-restore-1787150494-279488","deadline_epoch":1787152097,"renewed_at":"2026-08-19T14:52:17Z","renewal_count":21}
2026-08-19T14:53:28Z candidate=RPS_ALL_ONLINE block=screening repetition=1 {"unit":"bv4db-s30-restore-1787151178-283796","deadline_epoch":1787152168,"renewed_at":"2026-08-19T14:53:28Z","renewal_count":1}
2026-08-19T14:53:59Z candidate=RPS_ALL_ONLINE block=screening repetition=1 {"unit":"bv4db-s30-restore-1787151178-283796","deadline_epoch":1787152199,"renewed_at":"2026-08-19T14:53:59Z","renewal_count":2}
2026-08-19T14:54:29Z candidate=RPS_ALL_ONLINE block=screening repetition=1 {"unit":"bv4db-s30-restore-1787151178-283796","deadline_epoch":1787152229,"renewed_at":"2026-08-19T14:54:29Z","renewal_count":3}
2026-08-19T14:55:00Z candidate=RPS_ALL_ONLINE block=screening repetition=1 {"unit":"bv4db-s30-restore-1787151178-283796","deadline_epoch":1787152260,"renewed_at":"2026-08-19T14:55:00Z","renewal_count":4}
2026-08-19T14:55:31Z candidate=RPS_ALL_ONLINE block=screening repetition=1 {"unit":"bv4db-s30-restore-1787151178-283796","deadline_epoch":1787152291,"renewed_at":"2026-08-19T14:55:31Z","renewal_count":5}
2026-08-19T14:56:02Z candidate=RPS_ALL_ONLINE block=screening repetition=1 {"unit":"bv4db-s30-restore-1787151178-283796","deadline_epoch":1787152322,"renewed_at":"2026-08-19T14:56:02Z","renewal_count":6}
2026-08-19T14:56:32Z candidate=RPS_ALL_ONLINE block=screening repetition=1 {"unit":"bv4db-s30-restore-1787151178-283796","deadline_epoch":1787152352,"renewed_at":"2026-08-19T14:56:32Z","renewal_count":7}
2026-08-19T14:57:03Z candidate=RPS_ALL_ONLINE block=screening repetition=1 {"unit":"bv4db-s30-restore-1787151178-283796","deadline_epoch":1787152383,"renewed_at":"2026-08-19T14:57:03Z","renewal_count":8}
2026-08-19T14:57:34Z candidate=RPS_ALL_ONLINE block=screening repetition=1 {"unit":"bv4db-s30-restore-1787151178-283796","deadline_epoch":1787152413,"renewed_at":"2026-08-19T14:57:33Z","renewal_count":9}
2026-08-19T14:58:04Z candidate=RPS_ALL_ONLINE block=screening repetition=1 {"unit":"bv4db-s30-restore-1787151178-283796","deadline_epoch":1787152444,"renewed_at":"2026-08-19T14:58:04Z","renewal_count":10}
2026-08-19T14:58:35Z candidate=RPS_ALL_ONLINE block=screening repetition=1 {"unit":"bv4db-s30-restore-1787151178-283796","deadline_epoch":1787152475,"renewed_at":"2026-08-19T14:58:35Z","renewal_count":11}
2026-08-19T14:59:06Z candidate=RPS_ALL_ONLINE block=screening repetition=1 {"unit":"bv4db-s30-restore-1787151178-283796","deadline_epoch":1787152506,"renewed_at":"2026-08-19T14:59:06Z","renewal_count":12}
2026-08-19T14:59:36Z candidate=RPS_ALL_ONLINE block=screening repetition=1 {"unit":"bv4db-s30-restore-1787151178-283796","deadline_epoch":1787152536,"renewed_at":"2026-08-19T14:59:36Z","renewal_count":13}
2026-08-19T15:00:07Z candidate=RPS_ALL_ONLINE block=screening repetition=1 {"unit":"bv4db-s30-restore-1787151178-283796","deadline_epoch":1787152567,"renewed_at":"2026-08-19T15:00:07Z","renewal_count":14}
2026-08-19T15:00:38Z candidate=RPS_ALL_ONLINE block=screening repetition=1 {"unit":"bv4db-s30-restore-1787151178-283796","deadline_epoch":1787152598,"renewed_at":"2026-08-19T15:00:38Z","renewal_count":15}
2026-08-19T15:01:08Z candidate=RPS_ALL_ONLINE block=screening repetition=1 {"unit":"bv4db-s30-restore-1787151178-283796","deadline_epoch":1787152628,"renewed_at":"2026-08-19T15:01:08Z","renewal_count":16}
2026-08-19T15:01:39Z candidate=RPS_ALL_ONLINE block=screening repetition=1 {"unit":"bv4db-s30-restore-1787151178-283796","deadline_epoch":1787152659,"renewed_at":"2026-08-19T15:01:39Z","renewal_count":17}
2026-08-19T15:02:10Z candidate=RPS_ALL_ONLINE block=screening repetition=1 {"unit":"bv4db-s30-restore-1787151178-283796","deadline_epoch":1787152690,"renewed_at":"2026-08-19T15:02:10Z","renewal_count":18}
2026-08-19T15:02:40Z candidate=RPS_ALL_ONLINE block=screening repetition=1 {"unit":"bv4db-s30-restore-1787151178-283796","deadline_epoch":1787152720,"renewed_at":"2026-08-19T15:02:40Z","renewal_count":19}
2026-08-19T15:03:11Z candidate=RPS_ALL_ONLINE block=screening repetition=1 {"unit":"bv4db-s30-restore-1787151178-283796","deadline_epoch":1787152751,"renewed_at":"2026-08-19T15:03:11Z","renewal_count":20}
2026-08-19T15:03:42Z candidate=RPS_ALL_ONLINE block=screening repetition=1 {"unit":"bv4db-s30-restore-1787151178-283796","deadline_epoch":1787152782,"renewed_at":"2026-08-19T15:03:42Z","renewal_count":21}
2026-08-19T15:04:52Z candidate=XPS_BY_QUEUE block=screening repetition=1 {"unit":"bv4db-s30-restore-1787151862-288734","deadline_epoch":1787152852,"renewed_at":"2026-08-19T15:04:52Z","renewal_count":1}
2026-08-19T15:05:23Z candidate=XPS_BY_QUEUE block=screening repetition=1 {"unit":"bv4db-s30-restore-1787151862-288734","deadline_epoch":1787152883,"renewed_at":"2026-08-19T15:05:23Z","renewal_count":2}
2026-08-19T15:05:53Z candidate=XPS_BY_QUEUE block=screening repetition=1 {"unit":"bv4db-s30-restore-1787151862-288734","deadline_epoch":1787152913,"renewed_at":"2026-08-19T15:05:53Z","renewal_count":3}
2026-08-19T15:06:24Z candidate=XPS_BY_QUEUE block=screening repetition=1 {"unit":"bv4db-s30-restore-1787151862-288734","deadline_epoch":1787152944,"renewed_at":"2026-08-19T15:06:24Z","renewal_count":4}
2026-08-19T15:06:55Z candidate=XPS_BY_QUEUE block=screening repetition=1 {"unit":"bv4db-s30-restore-1787151862-288734","deadline_epoch":1787152975,"renewed_at":"2026-08-19T15:06:55Z","renewal_count":5}
2026-08-19T15:07:25Z candidate=XPS_BY_QUEUE block=screening repetition=1 {"unit":"bv4db-s30-restore-1787151862-288734","deadline_epoch":1787153005,"renewed_at":"2026-08-19T15:07:25Z","renewal_count":6}
2026-08-19T15:07:56Z candidate=XPS_BY_QUEUE block=screening repetition=1 {"unit":"bv4db-s30-restore-1787151862-288734","deadline_epoch":1787153036,"renewed_at":"2026-08-19T15:07:56Z","renewal_count":7}
2026-08-19T15:08:27Z candidate=XPS_BY_QUEUE block=screening repetition=1 {"unit":"bv4db-s30-restore-1787151862-288734","deadline_epoch":1787153067,"renewed_at":"2026-08-19T15:08:27Z","renewal_count":8}
2026-08-19T15:08:57Z candidate=XPS_BY_QUEUE block=screening repetition=1 {"unit":"bv4db-s30-restore-1787151862-288734","deadline_epoch":1787153097,"renewed_at":"2026-08-19T15:08:57Z","renewal_count":9}
2026-08-19T15:09:28Z candidate=XPS_BY_QUEUE block=screening repetition=1 {"unit":"bv4db-s30-restore-1787151862-288734","deadline_epoch":1787153128,"renewed_at":"2026-08-19T15:09:28Z","renewal_count":10}
2026-08-19T15:09:59Z candidate=XPS_BY_QUEUE block=screening repetition=1 {"unit":"bv4db-s30-restore-1787151862-288734","deadline_epoch":1787153159,"renewed_at":"2026-08-19T15:09:59Z","renewal_count":11}
2026-08-19T15:10:29Z candidate=XPS_BY_QUEUE block=screening repetition=1 {"unit":"bv4db-s30-restore-1787151862-288734","deadline_epoch":1787153189,"renewed_at":"2026-08-19T15:10:29Z","renewal_count":12}
2026-08-19T15:11:00Z candidate=XPS_BY_QUEUE block=screening repetition=1 {"unit":"bv4db-s30-restore-1787151862-288734","deadline_epoch":1787153220,"renewed_at":"2026-08-19T15:11:00Z","renewal_count":13}
2026-08-19T15:11:31Z candidate=XPS_BY_QUEUE block=screening repetition=1 {"unit":"bv4db-s30-restore-1787151862-288734","deadline_epoch":1787153251,"renewed_at":"2026-08-19T15:11:31Z","renewal_count":14}
2026-08-19T15:12:01Z candidate=XPS_BY_QUEUE block=screening repetition=1 {"unit":"bv4db-s30-restore-1787151862-288734","deadline_epoch":1787153281,"renewed_at":"2026-08-19T15:12:01Z","renewal_count":15}
2026-08-19T15:12:32Z candidate=XPS_BY_QUEUE block=screening repetition=1 {"unit":"bv4db-s30-restore-1787151862-288734","deadline_epoch":1787153312,"renewed_at":"2026-08-19T15:12:32Z","renewal_count":16}
2026-08-19T15:13:03Z candidate=XPS_BY_QUEUE block=screening repetition=1 {"unit":"bv4db-s30-restore-1787151862-288734","deadline_epoch":1787153343,"renewed_at":"2026-08-19T15:13:03Z","renewal_count":17}
2026-08-19T15:13:34Z candidate=XPS_BY_QUEUE block=screening repetition=1 {"unit":"bv4db-s30-restore-1787151862-288734","deadline_epoch":1787153374,"renewed_at":"2026-08-19T15:13:34Z","renewal_count":18}
2026-08-19T15:14:04Z candidate=XPS_BY_QUEUE block=screening repetition=1 {"unit":"bv4db-s30-restore-1787151862-288734","deadline_epoch":1787153404,"renewed_at":"2026-08-19T15:14:04Z","renewal_count":19}
2026-08-19T15:14:35Z candidate=XPS_BY_QUEUE block=screening repetition=1 {"unit":"bv4db-s30-restore-1787151862-288734","deadline_epoch":1787153435,"renewed_at":"2026-08-19T15:14:35Z","renewal_count":20}
2026-08-19T15:15:06Z candidate=XPS_BY_QUEUE block=screening repetition=1 {"unit":"bv4db-s30-restore-1787151862-288734","deadline_epoch":1787153466,"renewed_at":"2026-08-19T15:15:06Z","renewal_count":21}
2026-08-19T15:16:16Z candidate=OFFLOAD_GRO block=screening repetition=1 {"unit":"bv4db-s30-restore-1787152547-293048","deadline_epoch":1787153536,"renewed_at":"2026-08-19T15:16:16Z","renewal_count":1}
2026-08-19T15:16:47Z candidate=OFFLOAD_GRO block=screening repetition=1 {"unit":"bv4db-s30-restore-1787152547-293048","deadline_epoch":1787153567,"renewed_at":"2026-08-19T15:16:47Z","renewal_count":2}
2026-08-19T15:17:18Z candidate=OFFLOAD_GRO block=screening repetition=1 {"unit":"bv4db-s30-restore-1787152547-293048","deadline_epoch":1787153598,"renewed_at":"2026-08-19T15:17:18Z","renewal_count":3}
2026-08-19T15:17:48Z candidate=OFFLOAD_GRO block=screening repetition=1 {"unit":"bv4db-s30-restore-1787152547-293048","deadline_epoch":1787153628,"renewed_at":"2026-08-19T15:17:48Z","renewal_count":4}
2026-08-19T15:18:19Z candidate=OFFLOAD_GRO block=screening repetition=1 {"unit":"bv4db-s30-restore-1787152547-293048","deadline_epoch":1787153659,"renewed_at":"2026-08-19T15:18:19Z","renewal_count":5}
2026-08-19T15:18:50Z candidate=OFFLOAD_GRO block=screening repetition=1 {"unit":"bv4db-s30-restore-1787152547-293048","deadline_epoch":1787153690,"renewed_at":"2026-08-19T15:18:50Z","renewal_count":6}
2026-08-19T15:19:21Z candidate=OFFLOAD_GRO block=screening repetition=1 {"unit":"bv4db-s30-restore-1787152547-293048","deadline_epoch":1787153721,"renewed_at":"2026-08-19T15:19:21Z","renewal_count":7}
2026-08-19T15:19:51Z candidate=OFFLOAD_GRO block=screening repetition=1 {"unit":"bv4db-s30-restore-1787152547-293048","deadline_epoch":1787153751,"renewed_at":"2026-08-19T15:19:51Z","renewal_count":8}
2026-08-19T15:20:22Z candidate=OFFLOAD_GRO block=screening repetition=1 {"unit":"bv4db-s30-restore-1787152547-293048","deadline_epoch":1787153782,"renewed_at":"2026-08-19T15:20:22Z","renewal_count":9}
2026-08-19T15:20:53Z candidate=OFFLOAD_GRO block=screening repetition=1 {"unit":"bv4db-s30-restore-1787152547-293048","deadline_epoch":1787153813,"renewed_at":"2026-08-19T15:20:53Z","renewal_count":10}
2026-08-19T15:21:24Z candidate=OFFLOAD_GRO block=screening repetition=1 {"unit":"bv4db-s30-restore-1787152547-293048","deadline_epoch":1787153844,"renewed_at":"2026-08-19T15:21:24Z","renewal_count":11}
2026-08-19T15:21:54Z candidate=OFFLOAD_GRO block=screening repetition=1 {"unit":"bv4db-s30-restore-1787152547-293048","deadline_epoch":1787153874,"renewed_at":"2026-08-19T15:21:54Z","renewal_count":12}
2026-08-19T15:22:25Z candidate=OFFLOAD_GRO block=screening repetition=1 {"unit":"bv4db-s30-restore-1787152547-293048","deadline_epoch":1787153905,"renewed_at":"2026-08-19T15:22:25Z","renewal_count":13}
2026-08-19T15:22:56Z candidate=OFFLOAD_GRO block=screening repetition=1 {"unit":"bv4db-s30-restore-1787152547-293048","deadline_epoch":1787153936,"renewed_at":"2026-08-19T15:22:56Z","renewal_count":14}
2026-08-19T15:23:26Z candidate=OFFLOAD_GRO block=screening repetition=1 {"unit":"bv4db-s30-restore-1787152547-293048","deadline_epoch":1787153966,"renewed_at":"2026-08-19T15:23:26Z","renewal_count":15}
2026-08-19T15:23:57Z candidate=OFFLOAD_GRO block=screening repetition=1 {"unit":"bv4db-s30-restore-1787152547-293048","deadline_epoch":1787153997,"renewed_at":"2026-08-19T15:23:57Z","renewal_count":16}
2026-08-19T15:24:28Z candidate=OFFLOAD_GRO block=screening repetition=1 {"unit":"bv4db-s30-restore-1787152547-293048","deadline_epoch":1787154028,"renewed_at":"2026-08-19T15:24:28Z","renewal_count":17}
2026-08-19T15:24:59Z candidate=OFFLOAD_GRO block=screening repetition=1 {"unit":"bv4db-s30-restore-1787152547-293048","deadline_epoch":1787154059,"renewed_at":"2026-08-19T15:24:59Z","renewal_count":18}
2026-08-19T15:25:29Z candidate=OFFLOAD_GRO block=screening repetition=1 {"unit":"bv4db-s30-restore-1787152547-293048","deadline_epoch":1787154089,"renewed_at":"2026-08-19T15:25:29Z","renewal_count":19}
2026-08-19T15:26:00Z candidate=OFFLOAD_GRO block=screening repetition=1 {"unit":"bv4db-s30-restore-1787152547-293048","deadline_epoch":1787154120,"renewed_at":"2026-08-19T15:26:00Z","renewal_count":20}
2026-08-19T15:26:31Z candidate=OFFLOAD_GRO block=screening repetition=1 {"unit":"bv4db-s30-restore-1787152547-293048","deadline_epoch":1787154151,"renewed_at":"2026-08-19T15:26:31Z","renewal_count":21}
2026-08-19T15:27:42Z candidate=OFFLOAD_GSO block=screening repetition=1 {"unit":"bv4db-s30-restore-1787153232-297798","deadline_epoch":1787154222,"renewed_at":"2026-08-19T15:27:42Z","renewal_count":1}
2026-08-19T15:28:13Z candidate=OFFLOAD_GSO block=screening repetition=1 {"unit":"bv4db-s30-restore-1787153232-297798","deadline_epoch":1787154253,"renewed_at":"2026-08-19T15:28:13Z","renewal_count":2}
2026-08-19T15:28:43Z candidate=OFFLOAD_GSO block=screening repetition=1 {"unit":"bv4db-s30-restore-1787153232-297798","deadline_epoch":1787154283,"renewed_at":"2026-08-19T15:28:43Z","renewal_count":3}
2026-08-19T15:29:14Z candidate=OFFLOAD_GSO block=screening repetition=1 {"unit":"bv4db-s30-restore-1787153232-297798","deadline_epoch":1787154314,"renewed_at":"2026-08-19T15:29:14Z","renewal_count":4}
2026-08-19T15:29:45Z candidate=OFFLOAD_GSO block=screening repetition=1 {"unit":"bv4db-s30-restore-1787153232-297798","deadline_epoch":1787154345,"renewed_at":"2026-08-19T15:29:45Z","renewal_count":5}
2026-08-19T15:30:15Z candidate=OFFLOAD_GSO block=screening repetition=1 {"unit":"bv4db-s30-restore-1787153232-297798","deadline_epoch":1787154375,"renewed_at":"2026-08-19T15:30:15Z","renewal_count":6}
2026-08-19T15:30:46Z candidate=OFFLOAD_GSO block=screening repetition=1 {"unit":"bv4db-s30-restore-1787153232-297798","deadline_epoch":1787154406,"renewed_at":"2026-08-19T15:30:46Z","renewal_count":7}
2026-08-19T15:31:17Z candidate=OFFLOAD_GSO block=screening repetition=1 {"unit":"bv4db-s30-restore-1787153232-297798","deadline_epoch":1787154437,"renewed_at":"2026-08-19T15:31:17Z","renewal_count":8}
2026-08-19T15:31:48Z candidate=OFFLOAD_GSO block=screening repetition=1 {"unit":"bv4db-s30-restore-1787153232-297798","deadline_epoch":1787154468,"renewed_at":"2026-08-19T15:31:48Z","renewal_count":9}
2026-08-19T15:32:18Z candidate=OFFLOAD_GSO block=screening repetition=1 {"unit":"bv4db-s30-restore-1787153232-297798","deadline_epoch":1787154498,"renewed_at":"2026-08-19T15:32:18Z","renewal_count":10}
2026-08-19T15:32:49Z candidate=OFFLOAD_GSO block=screening repetition=1 {"unit":"bv4db-s30-restore-1787153232-297798","deadline_epoch":1787154529,"renewed_at":"2026-08-19T15:32:49Z","renewal_count":11}
2026-08-19T15:33:20Z candidate=OFFLOAD_GSO block=screening repetition=1 {"unit":"bv4db-s30-restore-1787153232-297798","deadline_epoch":1787154560,"renewed_at":"2026-08-19T15:33:20Z","renewal_count":12}
2026-08-19T15:33:50Z candidate=OFFLOAD_GSO block=screening repetition=1 {"unit":"bv4db-s30-restore-1787153232-297798","deadline_epoch":1787154590,"renewed_at":"2026-08-19T15:33:50Z","renewal_count":13}
2026-08-19T15:34:21Z candidate=OFFLOAD_GSO block=screening repetition=1 {"unit":"bv4db-s30-restore-1787153232-297798","deadline_epoch":1787154621,"renewed_at":"2026-08-19T15:34:21Z","renewal_count":14}
2026-08-19T15:34:52Z candidate=OFFLOAD_GSO block=screening repetition=1 {"unit":"bv4db-s30-restore-1787153232-297798","deadline_epoch":1787154652,"renewed_at":"2026-08-19T15:34:52Z","renewal_count":15}
2026-08-19T15:35:22Z candidate=OFFLOAD_GSO block=screening repetition=1 {"unit":"bv4db-s30-restore-1787153232-297798","deadline_epoch":1787154682,"renewed_at":"2026-08-19T15:35:22Z","renewal_count":16}
2026-08-19T15:35:53Z candidate=OFFLOAD_GSO block=screening repetition=1 {"unit":"bv4db-s30-restore-1787153232-297798","deadline_epoch":1787154713,"renewed_at":"2026-08-19T15:35:53Z","renewal_count":17}
2026-08-19T15:36:24Z candidate=OFFLOAD_GSO block=screening repetition=1 {"unit":"bv4db-s30-restore-1787153232-297798","deadline_epoch":1787154744,"renewed_at":"2026-08-19T15:36:24Z","renewal_count":18}
2026-08-19T15:36:54Z candidate=OFFLOAD_GSO block=screening repetition=1 {"unit":"bv4db-s30-restore-1787153232-297798","deadline_epoch":1787154774,"renewed_at":"2026-08-19T15:36:54Z","renewal_count":19}
2026-08-19T15:37:25Z candidate=OFFLOAD_GSO block=screening repetition=1 {"unit":"bv4db-s30-restore-1787153232-297798","deadline_epoch":1787154805,"renewed_at":"2026-08-19T15:37:25Z","renewal_count":20}
2026-08-19T15:37:56Z candidate=OFFLOAD_GSO block=screening repetition=1 {"unit":"bv4db-s30-restore-1787153232-297798","deadline_epoch":1787154836,"renewed_at":"2026-08-19T15:37:56Z","renewal_count":21}
2026-08-19T15:39:06Z candidate=OFFLOAD_TSO block=screening repetition=1 {"unit":"bv4db-s30-restore-1787153917-302320","deadline_epoch":1787154906,"renewed_at":"2026-08-19T15:39:06Z","renewal_count":1}
2026-08-19T15:39:37Z candidate=OFFLOAD_TSO block=screening repetition=1 {"unit":"bv4db-s30-restore-1787153917-302320","deadline_epoch":1787154937,"renewed_at":"2026-08-19T15:39:37Z","renewal_count":2}
2026-08-19T15:40:08Z candidate=OFFLOAD_TSO block=screening repetition=1 {"unit":"bv4db-s30-restore-1787153917-302320","deadline_epoch":1787154968,"renewed_at":"2026-08-19T15:40:08Z","renewal_count":3}
2026-08-19T15:40:39Z candidate=OFFLOAD_TSO block=screening repetition=1 {"unit":"bv4db-s30-restore-1787153917-302320","deadline_epoch":1787154999,"renewed_at":"2026-08-19T15:40:39Z","renewal_count":4}
2026-08-19T15:41:10Z candidate=OFFLOAD_TSO block=screening repetition=1 {"unit":"bv4db-s30-restore-1787153917-302320","deadline_epoch":1787155030,"renewed_at":"2026-08-19T15:41:10Z","renewal_count":5}
2026-08-19T15:41:40Z candidate=OFFLOAD_TSO block=screening repetition=1 {"unit":"bv4db-s30-restore-1787153917-302320","deadline_epoch":1787155060,"renewed_at":"2026-08-19T15:41:40Z","renewal_count":6}
2026-08-19T15:42:11Z candidate=OFFLOAD_TSO block=screening repetition=1 {"unit":"bv4db-s30-restore-1787153917-302320","deadline_epoch":1787155091,"renewed_at":"2026-08-19T15:42:11Z","renewal_count":7}
2026-08-19T15:42:42Z candidate=OFFLOAD_TSO block=screening repetition=1 {"unit":"bv4db-s30-restore-1787153917-302320","deadline_epoch":1787155122,"renewed_at":"2026-08-19T15:42:42Z","renewal_count":8}
2026-08-19T15:43:13Z candidate=OFFLOAD_TSO block=screening repetition=1 {"unit":"bv4db-s30-restore-1787153917-302320","deadline_epoch":1787155153,"renewed_at":"2026-08-19T15:43:13Z","renewal_count":9}
2026-08-19T15:43:43Z candidate=OFFLOAD_TSO block=screening repetition=1 {"unit":"bv4db-s30-restore-1787153917-302320","deadline_epoch":1787155183,"renewed_at":"2026-08-19T15:43:43Z","renewal_count":10}
2026-08-19T15:44:14Z candidate=OFFLOAD_TSO block=screening repetition=1 {"unit":"bv4db-s30-restore-1787153917-302320","deadline_epoch":1787155214,"renewed_at":"2026-08-19T15:44:14Z","renewal_count":11}
2026-08-19T15:44:45Z candidate=OFFLOAD_TSO block=screening repetition=1 {"unit":"bv4db-s30-restore-1787153917-302320","deadline_epoch":1787155245,"renewed_at":"2026-08-19T15:44:45Z","renewal_count":12}
2026-08-19T15:45:15Z candidate=OFFLOAD_TSO block=screening repetition=1 {"unit":"bv4db-s30-restore-1787153917-302320","deadline_epoch":1787155275,"renewed_at":"2026-08-19T15:45:15Z","renewal_count":13}
2026-08-19T15:45:46Z candidate=OFFLOAD_TSO block=screening repetition=1 {"unit":"bv4db-s30-restore-1787153917-302320","deadline_epoch":1787155306,"renewed_at":"2026-08-19T15:45:46Z","renewal_count":14}
2026-08-19T15:46:17Z candidate=OFFLOAD_TSO block=screening repetition=1 {"unit":"bv4db-s30-restore-1787153917-302320","deadline_epoch":1787155337,"renewed_at":"2026-08-19T15:46:17Z","renewal_count":15}
2026-08-19T15:46:47Z candidate=OFFLOAD_TSO block=screening repetition=1 {"unit":"bv4db-s30-restore-1787153917-302320","deadline_epoch":1787155367,"renewed_at":"2026-08-19T15:46:47Z","renewal_count":16}
2026-08-19T15:47:18Z candidate=OFFLOAD_TSO block=screening repetition=1 {"unit":"bv4db-s30-restore-1787153917-302320","deadline_epoch":1787155398,"renewed_at":"2026-08-19T15:47:18Z","renewal_count":17}
2026-08-19T15:47:49Z candidate=OFFLOAD_TSO block=screening repetition=1 {"unit":"bv4db-s30-restore-1787153917-302320","deadline_epoch":1787155429,"renewed_at":"2026-08-19T15:47:49Z","renewal_count":18}
2026-08-19T15:48:19Z candidate=OFFLOAD_TSO block=screening repetition=1 {"unit":"bv4db-s30-restore-1787153917-302320","deadline_epoch":1787155459,"renewed_at":"2026-08-19T15:48:19Z","renewal_count":19}
2026-08-19T15:48:50Z candidate=OFFLOAD_TSO block=screening repetition=1 {"unit":"bv4db-s30-restore-1787153917-302320","deadline_epoch":1787155490,"renewed_at":"2026-08-19T15:48:50Z","renewal_count":20}
2026-08-19T15:49:21Z candidate=OFFLOAD_TSO block=screening repetition=1 {"unit":"bv4db-s30-restore-1787153917-302320","deadline_epoch":1787155521,"renewed_at":"2026-08-19T15:49:21Z","renewal_count":21}
2026-08-19T15:50:31Z candidate=RPS_ALL_ONLINE block=validation repetition=2 {"unit":"bv4db-s30-restore-1787154601-306665","deadline_epoch":1787155591,"renewed_at":"2026-08-19T15:50:31Z","renewal_count":1}
2026-08-19T15:51:01Z candidate=RPS_ALL_ONLINE block=validation repetition=2 {"unit":"bv4db-s30-restore-1787154601-306665","deadline_epoch":1787155621,"renewed_at":"2026-08-19T15:51:01Z","renewal_count":2}
2026-08-19T15:51:32Z candidate=RPS_ALL_ONLINE block=validation repetition=2 {"unit":"bv4db-s30-restore-1787154601-306665","deadline_epoch":1787155652,"renewed_at":"2026-08-19T15:51:32Z","renewal_count":3}
2026-08-19T15:52:03Z candidate=RPS_ALL_ONLINE block=validation repetition=2 {"unit":"bv4db-s30-restore-1787154601-306665","deadline_epoch":1787155683,"renewed_at":"2026-08-19T15:52:03Z","renewal_count":4}
2026-08-19T15:52:33Z candidate=RPS_ALL_ONLINE block=validation repetition=2 {"unit":"bv4db-s30-restore-1787154601-306665","deadline_epoch":1787155713,"renewed_at":"2026-08-19T15:52:33Z","renewal_count":5}
2026-08-19T15:53:04Z candidate=RPS_ALL_ONLINE block=validation repetition=2 {"unit":"bv4db-s30-restore-1787154601-306665","deadline_epoch":1787155744,"renewed_at":"2026-08-19T15:53:04Z","renewal_count":6}
2026-08-19T15:53:35Z candidate=RPS_ALL_ONLINE block=validation repetition=2 {"unit":"bv4db-s30-restore-1787154601-306665","deadline_epoch":1787155775,"renewed_at":"2026-08-19T15:53:35Z","renewal_count":7}
2026-08-19T15:54:05Z candidate=RPS_ALL_ONLINE block=validation repetition=2 {"unit":"bv4db-s30-restore-1787154601-306665","deadline_epoch":1787155805,"renewed_at":"2026-08-19T15:54:06Z","renewal_count":8}
2026-08-19T15:54:36Z candidate=RPS_ALL_ONLINE block=validation repetition=2 {"unit":"bv4db-s30-restore-1787154601-306665","deadline_epoch":1787155836,"renewed_at":"2026-08-19T15:54:36Z","renewal_count":9}
2026-08-19T15:55:07Z candidate=RPS_ALL_ONLINE block=validation repetition=2 {"unit":"bv4db-s30-restore-1787154601-306665","deadline_epoch":1787155867,"renewed_at":"2026-08-19T15:55:07Z","renewal_count":10}
2026-08-19T15:55:38Z candidate=RPS_ALL_ONLINE block=validation repetition=2 {"unit":"bv4db-s30-restore-1787154601-306665","deadline_epoch":1787155898,"renewed_at":"2026-08-19T15:55:38Z","renewal_count":11}
2026-08-19T15:56:08Z candidate=RPS_ALL_ONLINE block=validation repetition=2 {"unit":"bv4db-s30-restore-1787154601-306665","deadline_epoch":1787155928,"renewed_at":"2026-08-19T15:56:08Z","renewal_count":12}
2026-08-19T15:56:39Z candidate=RPS_ALL_ONLINE block=validation repetition=2 {"unit":"bv4db-s30-restore-1787154601-306665","deadline_epoch":1787155959,"renewed_at":"2026-08-19T15:56:39Z","renewal_count":13}
2026-08-19T15:57:10Z candidate=RPS_ALL_ONLINE block=validation repetition=2 {"unit":"bv4db-s30-restore-1787154601-306665","deadline_epoch":1787155990,"renewed_at":"2026-08-19T15:57:10Z","renewal_count":14}
2026-08-19T15:57:41Z candidate=RPS_ALL_ONLINE block=validation repetition=2 {"unit":"bv4db-s30-restore-1787154601-306665","deadline_epoch":1787156021,"renewed_at":"2026-08-19T15:57:41Z","renewal_count":15}
2026-08-19T15:58:11Z candidate=RPS_ALL_ONLINE block=validation repetition=2 {"unit":"bv4db-s30-restore-1787154601-306665","deadline_epoch":1787156051,"renewed_at":"2026-08-19T15:58:11Z","renewal_count":16}
2026-08-19T15:58:42Z candidate=RPS_ALL_ONLINE block=validation repetition=2 {"unit":"bv4db-s30-restore-1787154601-306665","deadline_epoch":1787156082,"renewed_at":"2026-08-19T15:58:42Z","renewal_count":17}
2026-08-19T15:59:13Z candidate=RPS_ALL_ONLINE block=validation repetition=2 {"unit":"bv4db-s30-restore-1787154601-306665","deadline_epoch":1787156113,"renewed_at":"2026-08-19T15:59:13Z","renewal_count":18}
2026-08-19T15:59:44Z candidate=RPS_ALL_ONLINE block=validation repetition=2 {"unit":"bv4db-s30-restore-1787154601-306665","deadline_epoch":1787156144,"renewed_at":"2026-08-19T15:59:44Z","renewal_count":19}
2026-08-19T16:00:14Z candidate=RPS_ALL_ONLINE block=validation repetition=2 {"unit":"bv4db-s30-restore-1787154601-306665","deadline_epoch":1787156174,"renewed_at":"2026-08-19T16:00:14Z","renewal_count":20}
2026-08-19T16:00:45Z candidate=RPS_ALL_ONLINE block=validation repetition=2 {"unit":"bv4db-s30-restore-1787154601-306665","deadline_epoch":1787156205,"renewed_at":"2026-08-19T16:00:45Z","renewal_count":21}
2026-08-19T16:01:54Z candidate=RPS_ALL_ONLINE block=validation repetition=3 {"unit":"bv4db-s30-restore-1787155285-311643","deadline_epoch":1787156274,"renewed_at":"2026-08-19T16:01:54Z","renewal_count":1}
2026-08-19T16:02:25Z candidate=RPS_ALL_ONLINE block=validation repetition=3 {"unit":"bv4db-s30-restore-1787155285-311643","deadline_epoch":1787156305,"renewed_at":"2026-08-19T16:02:25Z","renewal_count":2}
2026-08-19T16:02:56Z candidate=RPS_ALL_ONLINE block=validation repetition=3 {"unit":"bv4db-s30-restore-1787155285-311643","deadline_epoch":1787156336,"renewed_at":"2026-08-19T16:02:56Z","renewal_count":3}
2026-08-19T16:03:26Z candidate=RPS_ALL_ONLINE block=validation repetition=3 {"unit":"bv4db-s30-restore-1787155285-311643","deadline_epoch":1787156366,"renewed_at":"2026-08-19T16:03:26Z","renewal_count":4}
2026-08-19T16:03:57Z candidate=RPS_ALL_ONLINE block=validation repetition=3 {"unit":"bv4db-s30-restore-1787155285-311643","deadline_epoch":1787156397,"renewed_at":"2026-08-19T16:03:57Z","renewal_count":5}
2026-08-19T16:04:28Z candidate=RPS_ALL_ONLINE block=validation repetition=3 {"unit":"bv4db-s30-restore-1787155285-311643","deadline_epoch":1787156428,"renewed_at":"2026-08-19T16:04:28Z","renewal_count":6}
2026-08-19T16:04:59Z candidate=RPS_ALL_ONLINE block=validation repetition=3 {"unit":"bv4db-s30-restore-1787155285-311643","deadline_epoch":1787156459,"renewed_at":"2026-08-19T16:04:59Z","renewal_count":7}
2026-08-19T16:05:30Z candidate=RPS_ALL_ONLINE block=validation repetition=3 {"unit":"bv4db-s30-restore-1787155285-311643","deadline_epoch":1787156490,"renewed_at":"2026-08-19T16:05:30Z","renewal_count":8}
2026-08-19T16:06:01Z candidate=RPS_ALL_ONLINE block=validation repetition=3 {"unit":"bv4db-s30-restore-1787155285-311643","deadline_epoch":1787156521,"renewed_at":"2026-08-19T16:06:01Z","renewal_count":9}
2026-08-19T16:06:31Z candidate=RPS_ALL_ONLINE block=validation repetition=3 {"unit":"bv4db-s30-restore-1787155285-311643","deadline_epoch":1787156551,"renewed_at":"2026-08-19T16:06:31Z","renewal_count":10}
2026-08-19T16:07:02Z candidate=RPS_ALL_ONLINE block=validation repetition=3 {"unit":"bv4db-s30-restore-1787155285-311643","deadline_epoch":1787156582,"renewed_at":"2026-08-19T16:07:02Z","renewal_count":11}
2026-08-19T16:07:33Z candidate=RPS_ALL_ONLINE block=validation repetition=3 {"unit":"bv4db-s30-restore-1787155285-311643","deadline_epoch":1787156613,"renewed_at":"2026-08-19T16:07:33Z","renewal_count":12}
2026-08-19T16:08:04Z candidate=RPS_ALL_ONLINE block=validation repetition=3 {"unit":"bv4db-s30-restore-1787155285-311643","deadline_epoch":1787156644,"renewed_at":"2026-08-19T16:08:04Z","renewal_count":13}
2026-08-19T16:08:34Z candidate=RPS_ALL_ONLINE block=validation repetition=3 {"unit":"bv4db-s30-restore-1787155285-311643","deadline_epoch":1787156674,"renewed_at":"2026-08-19T16:08:34Z","renewal_count":14}
2026-08-19T16:09:05Z candidate=RPS_ALL_ONLINE block=validation repetition=3 {"unit":"bv4db-s30-restore-1787155285-311643","deadline_epoch":1787156705,"renewed_at":"2026-08-19T16:09:05Z","renewal_count":15}
2026-08-19T16:09:36Z candidate=RPS_ALL_ONLINE block=validation repetition=3 {"unit":"bv4db-s30-restore-1787155285-311643","deadline_epoch":1787156736,"renewed_at":"2026-08-19T16:09:36Z","renewal_count":16}
2026-08-19T16:10:06Z candidate=RPS_ALL_ONLINE block=validation repetition=3 {"unit":"bv4db-s30-restore-1787155285-311643","deadline_epoch":1787156766,"renewed_at":"2026-08-19T16:10:06Z","renewal_count":17}
2026-08-19T16:10:37Z candidate=RPS_ALL_ONLINE block=validation repetition=3 {"unit":"bv4db-s30-restore-1787155285-311643","deadline_epoch":1787156797,"renewed_at":"2026-08-19T16:10:37Z","renewal_count":18}
2026-08-19T16:11:08Z candidate=RPS_ALL_ONLINE block=validation repetition=3 {"unit":"bv4db-s30-restore-1787155285-311643","deadline_epoch":1787156828,"renewed_at":"2026-08-19T16:11:08Z","renewal_count":19}
2026-08-19T16:11:38Z candidate=RPS_ALL_ONLINE block=validation repetition=3 {"unit":"bv4db-s30-restore-1787155285-311643","deadline_epoch":1787156858,"renewed_at":"2026-08-19T16:11:38Z","renewal_count":20}
2026-08-19T16:12:09Z candidate=RPS_ALL_ONLINE block=validation repetition=3 {"unit":"bv4db-s30-restore-1787155285-311643","deadline_epoch":1787156889,"renewed_at":"2026-08-19T16:12:09Z","renewal_count":21}
